-- Logs begin at Fri 2019-08-23 21:49:43 CDT, end at Sun 2019-08-25 03:01:01 CDT. --
Aug 25 01:50:42 okd03.swallowlab.work systemd-journal[189]: Runtime journal is using 8.0M (max allowed 794.0M, trying to leave 1.1G free of 7.7G available â†’ current limit 794.0M).
Aug 25 01:50:42 okd03.swallowlab.work kernel: Initializing cgroup subsys cpuset
Aug 25 01:50:42 okd03.swallowlab.work kernel: Initializing cgroup subsys cpu
Aug 25 01:50:42 okd03.swallowlab.work kernel: Initializing cgroup subsys cpuacct
Aug 25 01:50:42 okd03.swallowlab.work kernel: Linux version 3.10.0-957.27.2.el7.x86_64 (mockbuild@kbuilder.bsys.centos.org) (gcc version 4.8.5 20150623 (Red Hat 4.8.5-36) (GCC) ) #1 SMP Mon Jul 29 17:46:05 UTC 2019
Aug 25 01:50:42 okd03.swallowlab.work kernel: Command line: BOOT_IMAGE=/vmlinuz-3.10.0-957.27.2.el7.x86_64 root=UUID=4032b344-f59c-4749-83e4-5ea2d6e5673f ro crashkernel=auto nomodeset nofb vga=normal console=tty1 console=ttyS0 nomodeset nofb vga=normal console=tty1 console=ttyS0 LANG=en_US.UTF-8
Aug 25 01:50:42 okd03.swallowlab.work kernel: e820: BIOS-provided physical RAM map:
Aug 25 01:50:42 okd03.swallowlab.work kernel: BIOS-e820: [mem 0x0000000000000000-0x000000000009dfff] usable
Aug 25 01:50:42 okd03.swallowlab.work kernel: BIOS-e820: [mem 0x000000000009e000-0x000000000009ffff] reserved
Aug 25 01:50:42 okd03.swallowlab.work kernel: BIOS-e820: [mem 0x00000000000e0000-0x00000000000fffff] reserved
Aug 25 01:50:42 okd03.swallowlab.work kernel: BIOS-e820: [mem 0x0000000000100000-0x00000000efffffff] usable
Aug 25 01:50:42 okd03.swallowlab.work kernel: BIOS-e820: [mem 0x00000000fc000000-0x00000000ffffffff] reserved
Aug 25 01:50:42 okd03.swallowlab.work kernel: BIOS-e820: [mem 0x0000000100000000-0x000000040fbfffff] usable
Aug 25 01:50:42 okd03.swallowlab.work kernel: Notice: NX (Execute Disable) protection missing in CPU!
Aug 25 01:50:42 okd03.swallowlab.work kernel: SMBIOS 2.4 present.
Aug 25 01:50:42 okd03.swallowlab.work kernel: DMI: Xen HVM domU, BIOS 4.7.5-1.21 05/09/2019
Aug 25 01:50:42 okd03.swallowlab.work kernel: Hypervisor detected: Xen HVM
Aug 25 01:50:42 okd03.swallowlab.work kernel: Xen version 4.7.
Aug 25 01:50:42 okd03.swallowlab.work kernel: Xen Platform PCI: I/O protocol version 1
Aug 25 01:50:42 okd03.swallowlab.work kernel: Netfront and the Xen platform PCI driver have been compiled for this kernel: unplug emulated NICs.
Aug 25 01:50:42 okd03.swallowlab.work kernel: Blkfront and the Xen platform PCI driver have been compiled for this kernel: unplug emulated disks.
                                              You might have to change the root device
                                              from /dev/hd[a-d] to /dev/xvd[a-d]
                                              in your root= kernel command line option
Aug 25 01:50:42 okd03.swallowlab.work kernel: HVMOP_pagetable_dying not supported
Aug 25 01:50:42 okd03.swallowlab.work kernel: e820: update [mem 0x00000000-0x00000fff] usable ==> reserved
Aug 25 01:50:42 okd03.swallowlab.work kernel: e820: remove [mem 0x000a0000-0x000fffff] usable
Aug 25 01:50:42 okd03.swallowlab.work kernel: e820: last_pfn = 0x40fc00 max_arch_pfn = 0x400000000
Aug 25 01:50:42 okd03.swallowlab.work kernel: MTRR default type: write-back
Aug 25 01:50:42 okd03.swallowlab.work kernel: MTRR fixed ranges enabled:
Aug 25 01:50:42 okd03.swallowlab.work kernel:   00000-9FFFF write-back
Aug 25 01:50:42 okd03.swallowlab.work kernel:   A0000-BFFFF write-combining
Aug 25 01:50:42 okd03.swallowlab.work kernel:   C0000-FFFFF write-back
Aug 25 01:50:42 okd03.swallowlab.work kernel: MTRR variable ranges enabled:
Aug 25 01:50:42 okd03.swallowlab.work kernel:   0 base 0000F0000000 mask 3FFFF0000000 uncachable
Aug 25 01:50:42 okd03.swallowlab.work kernel:   1 disabled
Aug 25 01:50:42 okd03.swallowlab.work kernel:   2 disabled
Aug 25 01:50:42 okd03.swallowlab.work kernel:   3 disabled
Aug 25 01:50:42 okd03.swallowlab.work kernel:   4 disabled
Aug 25 01:50:42 okd03.swallowlab.work kernel:   5 disabled
Aug 25 01:50:42 okd03.swallowlab.work kernel:   6 disabled
Aug 25 01:50:42 okd03.swallowlab.work kernel:   7 disabled
Aug 25 01:50:42 okd03.swallowlab.work kernel: PAT configuration [0-7]: WB  WC  UC- UC  WB  WP  UC- UC  
Aug 25 01:50:42 okd03.swallowlab.work kernel: e820: last_pfn = 0xf0000 max_arch_pfn = 0x400000000
Aug 25 01:50:42 okd03.swallowlab.work kernel: found SMP MP-table at [mem 0x000fb630-0x000fb63f] mapped at [ffffffffff200630]
Aug 25 01:50:42 okd03.swallowlab.work kernel: Base memory trampoline at [ffff99c5c0098000] 98000 size 24576
Aug 25 01:50:42 okd03.swallowlab.work kernel: Using GB pages for direct mapping
Aug 25 01:50:42 okd03.swallowlab.work kernel: BRK [0x1c3654000, 0x1c3654fff] PGTABLE
Aug 25 01:50:42 okd03.swallowlab.work kernel: BRK [0x1c3655000, 0x1c3655fff] PGTABLE
Aug 25 01:50:42 okd03.swallowlab.work kernel: BRK [0x1c3656000, 0x1c3656fff] PGTABLE
Aug 25 01:50:42 okd03.swallowlab.work kernel: BRK [0x1c3657000, 0x1c3657fff] PGTABLE
Aug 25 01:50:42 okd03.swallowlab.work kernel: BRK [0x1c3658000, 0x1c3658fff] PGTABLE
Aug 25 01:50:42 okd03.swallowlab.work kernel: BRK [0x1c3659000, 0x1c3659fff] PGTABLE
Aug 25 01:50:42 okd03.swallowlab.work kernel: RAMDISK: [mem 0x35d05000-0x36e7afff]
Aug 25 01:50:42 okd03.swallowlab.work kernel: Early table checksum verification disabled
Aug 25 01:50:42 okd03.swallowlab.work kernel: ACPI: RSDP 00000000000ea020 00024 (v02    Xen)
Aug 25 01:50:42 okd03.swallowlab.work kernel: ACPI: XSDT 00000000fc00cf40 00044 (v01    Xen      HVM 00000000 HVML 00000000)
Aug 25 01:50:42 okd03.swallowlab.work kernel: ACPI: FACP 00000000fc00cc80 000F4 (v04    Xen      HVM 00000000 HVML 00000000)
Aug 25 01:50:42 okd03.swallowlab.work kernel: ACPI: DSDT 00000000fc0042a0 08956 (v02    Xen      HVM 00000000 INTL 20150619)
Aug 25 01:50:42 okd03.swallowlab.work kernel: ACPI: FACS 00000000fc004260 00040
Aug 25 01:50:42 okd03.swallowlab.work kernel: ACPI: APIC 00000000fc00cd80 000D8 (v02    Xen      HVM 00000000 HVML 00000000)
Aug 25 01:50:42 okd03.swallowlab.work kernel: ACPI: HPET 00000000fc00ced0 00038 (v01    Xen      HVM 00000000 HVML 00000000)
Aug 25 01:50:42 okd03.swallowlab.work kernel: ACPI: WAET 00000000fc00cf10 00028 (v01    Xen      HVM 00000000 HVML 00000000)
Aug 25 01:50:42 okd03.swallowlab.work kernel: ACPI: Local APIC address 0xfee00000
Aug 25 01:50:42 okd03.swallowlab.work kernel: No NUMA configuration found
Aug 25 01:50:42 okd03.swallowlab.work kernel: Faking a node at [mem 0x0000000000000000-0x000000040fbfffff]
Aug 25 01:50:42 okd03.swallowlab.work kernel: NODE_DATA(0) allocated [mem 0x40fbd9000-0x40fbfffff]
Aug 25 01:50:42 okd03.swallowlab.work kernel: Reserving 161MB of memory at 688MB for crashkernel (System RAM: 16379MB)
Aug 25 01:50:42 okd03.swallowlab.work kernel: Zone ranges:
Aug 25 01:50:42 okd03.swallowlab.work kernel:   DMA      [mem 0x00001000-0x00ffffff]
Aug 25 01:50:42 okd03.swallowlab.work kernel:   DMA32    [mem 0x01000000-0xffffffff]
Aug 25 01:50:42 okd03.swallowlab.work kernel:   Normal   [mem 0x100000000-0x40fbfffff]
Aug 25 01:50:42 okd03.swallowlab.work kernel: Movable zone start for each node
Aug 25 01:50:42 okd03.swallowlab.work kernel: Early memory node ranges
Aug 25 01:50:42 okd03.swallowlab.work kernel:   node   0: [mem 0x00001000-0x0009dfff]
Aug 25 01:50:42 okd03.swallowlab.work kernel:   node   0: [mem 0x00100000-0xefffffff]
Aug 25 01:50:42 okd03.swallowlab.work kernel:   node   0: [mem 0x100000000-0x40fbfffff]
Aug 25 01:50:42 okd03.swallowlab.work kernel: Initmem setup node 0 [mem 0x00001000-0x40fbfffff]
Aug 25 01:50:42 okd03.swallowlab.work kernel: On node 0 totalpages: 4193181
Aug 25 01:50:42 okd03.swallowlab.work kernel:   DMA zone: 64 pages used for memmap
Aug 25 01:50:42 okd03.swallowlab.work kernel:   DMA zone: 21 pages reserved
Aug 25 01:50:42 okd03.swallowlab.work kernel:   DMA zone: 3997 pages, LIFO batch:0
Aug 25 01:50:42 okd03.swallowlab.work kernel:   DMA32 zone: 15296 pages used for memmap
Aug 25 01:50:42 okd03.swallowlab.work kernel:   DMA32 zone: 978944 pages, LIFO batch:31
Aug 25 01:50:42 okd03.swallowlab.work kernel:   Normal zone: 50160 pages used for memmap
Aug 25 01:50:42 okd03.swallowlab.work kernel:   Normal zone: 3210240 pages, LIFO batch:31
Aug 25 01:50:42 okd03.swallowlab.work kernel: ACPI: PM-Timer IO Port: 0xb008
Aug 25 01:50:42 okd03.swallowlab.work kernel: ACPI: Local APIC address 0xfee00000
Aug 25 01:50:42 okd03.swallowlab.work kernel: ACPI: LAPIC (acpi_id[0x00] lapic_id[0x00] enabled)
Aug 25 01:50:42 okd03.swallowlab.work kernel: ACPI: LAPIC (acpi_id[0x01] lapic_id[0x02] enabled)
Aug 25 01:50:42 okd03.swallowlab.work kernel: ACPI: LAPIC (acpi_id[0x02] lapic_id[0x04] enabled)
Aug 25 01:50:42 okd03.swallowlab.work kernel: ACPI: LAPIC (acpi_id[0x03] lapic_id[0x06] enabled)
Aug 25 01:50:42 okd03.swallowlab.work kernel: ACPI: LAPIC (acpi_id[0x04] lapic_id[0x08] disabled)
Aug 25 01:50:42 okd03.swallowlab.work kernel: ACPI: LAPIC (acpi_id[0x05] lapic_id[0x0a] disabled)
Aug 25 01:50:42 okd03.swallowlab.work kernel: ACPI: LAPIC (acpi_id[0x06] lapic_id[0x0c] disabled)
Aug 25 01:50:42 okd03.swallowlab.work kernel: ACPI: LAPIC (acpi_id[0x07] lapic_id[0x0e] disabled)
Aug 25 01:50:42 okd03.swallowlab.work kernel: ACPI: LAPIC (acpi_id[0x08] lapic_id[0x10] disabled)
Aug 25 01:50:42 okd03.swallowlab.work kernel: ACPI: LAPIC (acpi_id[0x09] lapic_id[0x12] disabled)
Aug 25 01:50:42 okd03.swallowlab.work kernel: ACPI: LAPIC (acpi_id[0x0a] lapic_id[0x14] disabled)
Aug 25 01:50:42 okd03.swallowlab.work kernel: ACPI: LAPIC (acpi_id[0x0b] lapic_id[0x16] disabled)
Aug 25 01:50:42 okd03.swallowlab.work kernel: ACPI: LAPIC (acpi_id[0x0c] lapic_id[0x18] disabled)
Aug 25 01:50:42 okd03.swallowlab.work kernel: ACPI: LAPIC (acpi_id[0x0d] lapic_id[0x1a] disabled)
Aug 25 01:50:42 okd03.swallowlab.work kernel: ACPI: LAPIC (acpi_id[0x0e] lapic_id[0x1c] disabled)
Aug 25 01:50:42 okd03.swallowlab.work kernel: ACPI: IOAPIC (id[0x01] address[0xfec00000] gsi_base[0])
Aug 25 01:50:42 okd03.swallowlab.work kernel: IOAPIC[0]: apic_id 1, version 17, address 0xfec00000, GSI 0-47
Aug 25 01:50:42 okd03.swallowlab.work kernel: ACPI: INT_SRC_OVR (bus 0 bus_irq 0 global_irq 2 dfl dfl)
Aug 25 01:50:42 okd03.swallowlab.work kernel: ACPI: INT_SRC_OVR (bus 0 bus_irq 5 global_irq 5 low level)
Aug 25 01:50:42 okd03.swallowlab.work kernel: ACPI: INT_SRC_OVR (bus 0 bus_irq 10 global_irq 10 low level)
Aug 25 01:50:42 okd03.swallowlab.work kernel: ACPI: INT_SRC_OVR (bus 0 bus_irq 11 global_irq 11 low level)
Aug 25 01:50:42 okd03.swallowlab.work kernel: ACPI: IRQ0 used by override.
Aug 25 01:50:42 okd03.swallowlab.work kernel: ACPI: IRQ5 used by override.
Aug 25 01:50:42 okd03.swallowlab.work kernel: ACPI: IRQ9 used by override.
Aug 25 01:50:42 okd03.swallowlab.work kernel: ACPI: IRQ10 used by override.
Aug 25 01:50:42 okd03.swallowlab.work kernel: ACPI: IRQ11 used by override.
Aug 25 01:50:42 okd03.swallowlab.work kernel: Using ACPI (MADT) for SMP configuration information
Aug 25 01:50:42 okd03.swallowlab.work kernel: ACPI: HPET id: 0x8086a201 base: 0xfed00000
Aug 25 01:50:42 okd03.swallowlab.work kernel: smpboot: Allowing 15 CPUs, 11 hotplug CPUs
Aug 25 01:50:42 okd03.swallowlab.work kernel: PM: Registered nosave memory: [mem 0x0009e000-0x0009ffff]
Aug 25 01:50:42 okd03.swallowlab.work kernel: PM: Registered nosave memory: [mem 0x000a0000-0x000dffff]
Aug 25 01:50:42 okd03.swallowlab.work kernel: PM: Registered nosave memory: [mem 0x000e0000-0x000fffff]
Aug 25 01:50:42 okd03.swallowlab.work kernel: PM: Registered nosave memory: [mem 0xf0000000-0xfbffffff]
Aug 25 01:50:42 okd03.swallowlab.work kernel: PM: Registered nosave memory: [mem 0xfc000000-0xffffffff]
Aug 25 01:50:42 okd03.swallowlab.work kernel: e820: [mem 0xf0000000-0xfbffffff] available for PCI devices
Aug 25 01:50:42 okd03.swallowlab.work kernel: Booting paravirtualized kernel on Xen HVM
Aug 25 01:50:42 okd03.swallowlab.work kernel: setup_percpu: NR_CPUS:5120 nr_cpumask_bits:15 nr_cpu_ids:15 nr_node_ids:1
Aug 25 01:50:42 okd03.swallowlab.work kernel: PERCPU: Embedded 38 pages/cpu @ffff99c9bee00000 s118784 r8192 d28672 u262144
Aug 25 01:50:42 okd03.swallowlab.work kernel: pcpu-alloc: s118784 r8192 d28672 u262144 alloc=1*2097152
Aug 25 01:50:42 okd03.swallowlab.work kernel: pcpu-alloc: [0] 00 01 02 03 04 05 06 07 [0] 08 09 10 11 12 13 14 -- 
Aug 25 01:50:42 okd03.swallowlab.work kernel: PV qspinlock hash table entries: 256 (order: 0, 4096 bytes)
Aug 25 01:50:42 okd03.swallowlab.work kernel: Built 1 zonelists in Zone order, mobility grouping on.  Total pages: 4127640
Aug 25 01:50:42 okd03.swallowlab.work kernel: Policy zone: Normal
Aug 25 01:50:42 okd03.swallowlab.work kernel: Kernel command line: BOOT_IMAGE=/vmlinuz-3.10.0-957.27.2.el7.x86_64 root=UUID=4032b344-f59c-4749-83e4-5ea2d6e5673f ro crashkernel=auto nomodeset nofb vga=normal console=tty1 console=ttyS0 nomodeset nofb vga=normal console=tty1 console=ttyS0 LANG=en_US.UTF-8
Aug 25 01:50:42 okd03.swallowlab.work kernel: PID hash table entries: 4096 (order: 3, 32768 bytes)
Aug 25 01:50:42 okd03.swallowlab.work kernel: x86/fpu: xstate_offset[2]: 0240, xstate_sizes[2]: 0100
Aug 25 01:50:42 okd03.swallowlab.work kernel: xsave: enabled xstate_bv 0x7, cntxt size 0x340 using standard form
Aug 25 01:50:42 okd03.swallowlab.work kernel: Memory: 5780520k/17035264k available (7672k kernel code, 262540k absent, 532536k reserved, 6049k data, 1876k init)
Aug 25 01:50:42 okd03.swallowlab.work kernel: SLUB: HWalign=64, Order=0-3, MinObjects=0, CPUs=15, Nodes=1
Aug 25 01:50:42 okd03.swallowlab.work kernel: x86/pti: Unmapping kernel while in userspace
Aug 25 01:50:42 okd03.swallowlab.work kernel: Hierarchical RCU implementation.
Aug 25 01:50:42 okd03.swallowlab.work kernel:         RCU restricting CPUs from NR_CPUS=5120 to nr_cpu_ids=15.
Aug 25 01:50:42 okd03.swallowlab.work kernel: NR_IRQS:327936 nr_irqs:952 0
Aug 25 01:50:42 okd03.swallowlab.work kernel: xen:events: Xen HVM callback vector for event delivery is enabled
Aug 25 01:50:42 okd03.swallowlab.work kernel: Console: colour VGA+ 80x25
Aug 25 01:50:42 okd03.swallowlab.work kernel: console [tty1] enabled
Aug 25 01:50:42 okd03.swallowlab.work kernel: console [ttyS0] enabled
Aug 25 01:50:42 okd03.swallowlab.work kernel: allocated 67108864 bytes of page_cgroup
Aug 25 01:50:42 okd03.swallowlab.work kernel: please try 'cgroup_disable=memory' option if you don't want memory cgroups
Aug 25 01:50:42 okd03.swallowlab.work kernel: hpet clockevent registered
Aug 25 01:50:42 okd03.swallowlab.work kernel: tsc: Fast TSC calibration using PIT
Aug 25 01:50:42 okd03.swallowlab.work kernel: tsc: Detected 2100.057 MHz processor
Aug 25 01:50:42 okd03.swallowlab.work kernel: tsc: Detected 2100.068 MHz TSC
Aug 25 01:50:42 okd03.swallowlab.work kernel: Calibrating delay loop (skipped), value calculated using timer frequency.. 
Aug 25 01:50:42 okd03.swallowlab.work kernel: 4200.13 BogoMIPS (lpj=2100068)
Aug 25 01:50:42 okd03.swallowlab.work kernel: pid_max: default: 32768 minimum: 301
Aug 25 01:50:42 okd03.swallowlab.work kernel: Security Framework initialized
Aug 25 01:50:42 okd03.swallowlab.work kernel: SELinux:  Initializing.
Aug 25 01:50:42 okd03.swallowlab.work kernel: SELinux:  Starting in permissive mode
Aug 25 01:50:42 okd03.swallowlab.work kernel: Yama: becoming mindful.
Aug 25 01:50:42 okd03.swallowlab.work kernel: Dentry cache hash table entries: 2097152 (order: 12, 16777216 bytes)
Aug 25 01:50:42 okd03.swallowlab.work kernel: Inode-cache hash table entries: 1048576 (order: 11, 8388608 bytes)
Aug 25 01:50:42 okd03.swallowlab.work kernel: Mount-cache hash table entries: 32768 (order: 6, 262144 bytes)
Aug 25 01:50:42 okd03.swallowlab.work kernel: Mountpoint-cache hash table entries: 32768 (order: 6, 262144 bytes)
Aug 25 01:50:42 okd03.swallowlab.work kernel: Initializing cgroup subsys memory
Aug 25 01:50:42 okd03.swallowlab.work kernel: Initializing cgroup subsys devices
Aug 25 01:50:42 okd03.swallowlab.work kernel: Initializing cgroup subsys freezer
Aug 25 01:50:42 okd03.swallowlab.work kernel: Initializing cgroup subsys net_cls
Aug 25 01:50:42 okd03.swallowlab.work kernel: Initializing cgroup subsys blkio
Aug 25 01:50:42 okd03.swallowlab.work kernel: Initializing cgroup subsys perf_event
Aug 25 01:50:42 okd03.swallowlab.work kernel: Initializing cgroup subsys hugetlb
Aug 25 01:50:42 okd03.swallowlab.work kernel: Initializing cgroup subsys pids
Aug 25 01:50:42 okd03.swallowlab.work kernel: Initializing cgroup subsys net_prio
Aug 25 01:50:42 okd03.swallowlab.work kernel: random: fast init done
Aug 25 01:50:42 okd03.swallowlab.work kernel: Last level iTLB entries: 4KB 0, 2MB 0, 4MB 0
Aug 25 01:50:42 okd03.swallowlab.work kernel: Last level dTLB entries: 4KB 64, 2MB 0, 4MB 0
Aug 25 01:50:42 okd03.swallowlab.work kernel: tlb_flushall_shift: 6
Aug 25 01:50:42 okd03.swallowlab.work kernel: Speculative Store Bypass: Mitigation: Speculative Store Bypass disabled via prctl and seccomp
Aug 25 01:50:42 okd03.swallowlab.work kernel: FEATURE SPEC_CTRL Present
Aug 25 01:50:42 okd03.swallowlab.work kernel: FEATURE IBPB_SUPPORT Present
Aug 25 01:50:42 okd03.swallowlab.work kernel: Spectre V2 : Enabling Indirect Branch Prediction Barrier
Aug 25 01:50:42 okd03.swallowlab.work kernel: Spectre V2 : Mitigation: Full retpoline
Aug 25 01:50:42 okd03.swallowlab.work kernel: MDS: Vulnerable: Clear CPU buffers attempted, no microcode
Aug 25 01:50:42 okd03.swallowlab.work kernel: Freeing SMP alternatives: 28k freed
Aug 25 01:50:42 okd03.swallowlab.work kernel: ACPI: Core revision 20130517
Aug 25 01:50:42 okd03.swallowlab.work kernel: ACPI: All ACPI Tables successfully acquired
Aug 25 01:50:42 okd03.swallowlab.work kernel: ftrace: allocating 29213 entries in 115 pages
Aug 25 01:50:42 okd03.swallowlab.work kernel: IRQ remapping doesn't support X2APIC mode, disable x2apic.
Aug 25 01:50:42 okd03.swallowlab.work kernel: Switched APIC routing to physical flat.
Aug 25 01:50:42 okd03.swallowlab.work kernel: ..TIMER: vector=0x30 apic1=0 pin1=2 apic2=0 pin2=0
Aug 25 01:50:42 okd03.swallowlab.work kernel: smpboot: CPU0: Intel(R) Xeon(R) CPU E5-2683 v4 @ 2.10GHz (fam: 06, model: 4f, stepping: 01)
Aug 25 01:50:42 okd03.swallowlab.work kernel: Xen: using vcpuop timer interface
Aug 25 01:50:42 okd03.swallowlab.work kernel: installing Xen timer for CPU 0
Aug 25 01:50:42 okd03.swallowlab.work kernel: cpu 0 spinlock event irq 53
Aug 25 01:50:42 okd03.swallowlab.work kernel: Performance Events: unsupported p6 CPU model 79 no PMU driver, software events only.
Aug 25 01:50:42 okd03.swallowlab.work kernel: NMI watchdog: disabled (cpu0): hardware events not enabled
Aug 25 01:50:42 okd03.swallowlab.work kernel: NMI watchdog: Shutting down hard lockup detector on all cpus
Aug 25 01:50:42 okd03.swallowlab.work kernel: installing Xen timer for CPU 1
Aug 25 01:50:42 okd03.swallowlab.work kernel: smpboot: Booting Node   0, Processors  #1cpu 1 spinlock event irq 59
Aug 25 01:50:42 okd03.swallowlab.work kernel: installing Xen timer for CPU 2
Aug 25 01:50:42 okd03.swallowlab.work kernel:  #2cpu 2 spinlock event irq 65
Aug 25 01:50:42 okd03.swallowlab.work kernel: installing Xen timer for CPU 3
Aug 25 01:50:42 okd03.swallowlab.work kernel:  #3cpu 3 spinlock event irq 71
Aug 25 01:50:42 okd03.swallowlab.work kernel: Brought up 4 CPUs
Aug 25 01:50:42 okd03.swallowlab.work kernel: smpboot: Max logical packages: 4
Aug 25 01:50:42 okd03.swallowlab.work kernel: smpboot: Total of 4 processors activated (16800.54 BogoMIPS)
Aug 25 01:50:42 okd03.swallowlab.work kernel: node 0 initialised, 2614917 pages in 54ms
Aug 25 01:50:42 okd03.swallowlab.work kernel: devtmpfs: initialized
Aug 25 01:50:42 okd03.swallowlab.work kernel: EVM: security.selinux
Aug 25 01:50:42 okd03.swallowlab.work kernel: EVM: security.ima
Aug 25 01:50:42 okd03.swallowlab.work kernel: EVM: security.capability
Aug 25 01:50:42 okd03.swallowlab.work kernel: atomic64 test passed for x86-64 platform with CX8 and with SSE
Aug 25 01:50:42 okd03.swallowlab.work kernel: pinctrl core: initialized pinctrl subsystem
Aug 25 01:50:42 okd03.swallowlab.work kernel: RTC time:  6:50:38, date: 08/25/19
Aug 25 01:50:42 okd03.swallowlab.work kernel: NET: Registered protocol family 16
Aug 25 01:50:42 okd03.swallowlab.work kernel: ACPI: bus type PCI registered
Aug 25 01:50:42 okd03.swallowlab.work kernel: acpiphp: ACPI Hot Plug PCI Controller Driver version: 0.5
Aug 25 01:50:42 okd03.swallowlab.work kernel: PCI: Using configuration type 1 for base access
Aug 25 01:50:42 okd03.swallowlab.work kernel: ACPI: Added _OSI(Module Device)
Aug 25 01:50:42 okd03.swallowlab.work kernel: ACPI: Added _OSI(Processor Device)
Aug 25 01:50:42 okd03.swallowlab.work kernel: ACPI: Added _OSI(3.0 _SCP Extensions)
Aug 25 01:50:42 okd03.swallowlab.work kernel: ACPI: Added _OSI(Processor Aggregator Device)
Aug 25 01:50:42 okd03.swallowlab.work kernel: ACPI: Added _OSI(Linux-Dell-Video)
Aug 25 01:50:42 okd03.swallowlab.work kernel: ACPI: EC: Look up EC in DSDT
Aug 25 01:50:42 okd03.swallowlab.work kernel: ACPI: Interpreter enabled
Aug 25 01:50:42 okd03.swallowlab.work kernel: ACPI: (supports S0 S5)
Aug 25 01:50:42 okd03.swallowlab.work kernel: ACPI: Using IOAPIC for interrupt routing
Aug 25 01:50:42 okd03.swallowlab.work kernel: PCI: Using host bridge windows from ACPI; if necessary, use "pci=nocrs" and report a bug
Aug 25 01:50:42 okd03.swallowlab.work kernel: ACPI: Enabled 2 GPEs in block 00 to 0F
Aug 25 01:50:42 okd03.swallowlab.work kernel: ACPI: PCI Root Bridge [PCI0] (domain 0000 [bus 00-ff])
Aug 25 01:50:42 okd03.swallowlab.work kernel: acpi PNP0A03:00: _OSC: OS supports [ASPM ClockPM Segments MSI]
Aug 25 01:50:42 okd03.swallowlab.work kernel: acpi PNP0A03:00: _OSC failed (AE_NOT_FOUND); disabling ASPM
Aug 25 01:50:42 okd03.swallowlab.work kernel: acpi PNP0A03:00: fail to add MMCONFIG information, can't access extended PCI configuration space under this bridge.
Aug 25 01:50:42 okd03.swallowlab.work kernel: acpiphp: Slot [0] registered
Aug 25 01:50:42 okd03.swallowlab.work kernel: acpiphp: Slot [3] registered
Aug 25 01:50:42 okd03.swallowlab.work kernel: acpiphp: Slot [4] registered
Aug 25 01:50:42 okd03.swallowlab.work kernel: acpiphp: Slot [5] registered
Aug 25 01:50:42 okd03.swallowlab.work kernel: acpiphp: Slot [6] registered
Aug 25 01:50:42 okd03.swallowlab.work kernel: acpiphp: Slot [7] registered
Aug 25 01:50:42 okd03.swallowlab.work kernel: acpiphp: Slot [8] registered
Aug 25 01:50:42 okd03.swallowlab.work kernel: acpiphp: Slot [9] registered
Aug 25 01:50:42 okd03.swallowlab.work kernel: acpiphp: Slot [10] registered
Aug 25 01:50:42 okd03.swallowlab.work kernel: acpiphp: Slot [11] registered
Aug 25 01:50:42 okd03.swallowlab.work kernel: acpiphp: Slot [12] registered
Aug 25 01:50:42 okd03.swallowlab.work kernel: acpiphp: Slot [13] registered
Aug 25 01:50:42 okd03.swallowlab.work kernel: acpiphp: Slot [14] registered
Aug 25 01:50:42 okd03.swallowlab.work kernel: acpiphp: Slot [15] registered
Aug 25 01:50:42 okd03.swallowlab.work kernel: acpiphp: Slot [16] registered
Aug 25 01:50:42 okd03.swallowlab.work kernel: acpiphp: Slot [17] registered
Aug 25 01:50:42 okd03.swallowlab.work kernel: acpiphp: Slot [18] registered
Aug 25 01:50:42 okd03.swallowlab.work kernel: acpiphp: Slot [19] registered
Aug 25 01:50:42 okd03.swallowlab.work kernel: acpiphp: Slot [20] registered
Aug 25 01:50:42 okd03.swallowlab.work kernel: acpiphp: Slot [21] registered
Aug 25 01:50:42 okd03.swallowlab.work kernel: acpiphp: Slot [22] registered
Aug 25 01:50:42 okd03.swallowlab.work kernel: acpiphp: Slot [23] registered
Aug 25 01:50:42 okd03.swallowlab.work kernel: acpiphp: Slot [24] registered
Aug 25 01:50:42 okd03.swallowlab.work kernel: acpiphp: Slot [25] registered
Aug 25 01:50:42 okd03.swallowlab.work kernel: acpiphp: Slot [26] registered
Aug 25 01:50:42 okd03.swallowlab.work kernel: acpiphp: Slot [27] registered
Aug 25 01:50:42 okd03.swallowlab.work kernel: acpiphp: Slot [28] registered
Aug 25 01:50:42 okd03.swallowlab.work kernel: acpiphp: Slot [29] registered
Aug 25 01:50:42 okd03.swallowlab.work kernel: acpiphp: Slot [30] registered
Aug 25 01:50:42 okd03.swallowlab.work kernel: acpiphp: Slot [31] registered
Aug 25 01:50:42 okd03.swallowlab.work kernel: PCI host bridge to bus 0000:00
Aug 25 01:50:42 okd03.swallowlab.work kernel: pci_bus 0000:00: root bus resource [io  0x0000-0x0cf7 window]
Aug 25 01:50:42 okd03.swallowlab.work kernel: pci_bus 0000:00: root bus resource [io  0x0d00-0xffff window]
Aug 25 01:50:42 okd03.swallowlab.work kernel: pci_bus 0000:00: root bus resource [mem 0x000a0000-0x000bffff window]
Aug 25 01:50:42 okd03.swallowlab.work kernel: pci_bus 0000:00: root bus resource [mem 0xf0000000-0xfbffffff window]
Aug 25 01:50:42 okd03.swallowlab.work kernel: pci_bus 0000:00: root bus resource [bus 00-ff]
Aug 25 01:50:42 okd03.swallowlab.work kernel: pci 0000:00:00.0: [8086:1237] type 00 class 0x060000
Aug 25 01:50:42 okd03.swallowlab.work kernel: pci 0000:00:01.0: [8086:7000] type 00 class 0x060100
Aug 25 01:50:42 okd03.swallowlab.work kernel: pci 0000:00:01.1: [8086:7010] type 00 class 0x010180
Aug 25 01:50:42 okd03.swallowlab.work kernel: pci 0000:00:01.1: reg 0x20: [io  0xc320-0xc32f]
Aug 25 01:50:42 okd03.swallowlab.work kernel: pci 0000:00:01.1: legacy IDE quirk: reg 0x10: [io  0x01f0-0x01f7]
Aug 25 01:50:42 okd03.swallowlab.work kernel: pci 0000:00:01.1: legacy IDE quirk: reg 0x14: [io  0x03f6]
Aug 25 01:50:42 okd03.swallowlab.work kernel: pci 0000:00:01.1: legacy IDE quirk: reg 0x18: [io  0x0170-0x0177]
Aug 25 01:50:42 okd03.swallowlab.work kernel: pci 0000:00:01.1: legacy IDE quirk: reg 0x1c: [io  0x0376]
Aug 25 01:50:42 okd03.swallowlab.work kernel: pci 0000:00:01.2: [8086:7020] type 00 class 0x0c0300
Aug 25 01:50:42 okd03.swallowlab.work kernel: pci 0000:00:01.2: reg 0x20: [io  0xc300-0xc31f]
Aug 25 01:50:42 okd03.swallowlab.work kernel: pci 0000:00:01.3: [8086:7113] type 00 class 0x068000
Aug 25 01:50:42 okd03.swallowlab.work kernel: * Found PM-Timer Bug on the chipset. Due to workarounds for a bug,
                                              * this clock source is slow. Consider trying other clock sources
Aug 25 01:50:42 okd03.swallowlab.work kernel: pci 0000:00:01.3: quirk: [io  0xb000-0xb03f] claimed by PIIX4 ACPI
Aug 25 01:50:42 okd03.swallowlab.work kernel: pci 0000:00:02.0: [1013:00b8] type 00 class 0x030000
Aug 25 01:50:42 okd03.swallowlab.work kernel: pci 0000:00:02.0: reg 0x10: [mem 0xf0000000-0xf1ffffff pref]
Aug 25 01:50:42 okd03.swallowlab.work kernel: pci 0000:00:02.0: reg 0x14: [mem 0xf3400000-0xf3400fff]
Aug 25 01:50:42 okd03.swallowlab.work kernel: pci 0000:00:03.0: [5853:0001] type 00 class 0x010000
Aug 25 01:50:42 okd03.swallowlab.work kernel: pci 0000:00:03.0: reg 0x10: [io  0xc000-0xc0ff]
Aug 25 01:50:42 okd03.swallowlab.work kernel: pci 0000:00:03.0: reg 0x14: [mem 0xf2000000-0xf2ffffff pref]
Aug 25 01:50:42 okd03.swallowlab.work kernel: pci 0000:00:06.0: [5853:c000] type 00 class 0x088000
Aug 25 01:50:42 okd03.swallowlab.work kernel: pci 0000:00:06.0: reg 0x14: [mem 0xf3000000-0xf33fffff pref]
Aug 25 01:50:42 okd03.swallowlab.work kernel: ACPI: PCI Interrupt Link [LNKA] (IRQs *5 10 11)
Aug 25 01:50:42 okd03.swallowlab.work kernel: ACPI: PCI Interrupt Link [LNKB] (IRQs 5 *10 11)
Aug 25 01:50:42 okd03.swallowlab.work kernel: ACPI: PCI Interrupt Link [LNKC] (IRQs 5 10 *11)
Aug 25 01:50:42 okd03.swallowlab.work kernel: ACPI: PCI Interrupt Link [LNKD] (IRQs *5 10 11)
Aug 25 01:50:42 okd03.swallowlab.work kernel: xen:balloon: Initialising balloon driver
Aug 25 01:50:42 okd03.swallowlab.work kernel: vgaarb: device added: PCI:0000:00:02.0,decodes=io+mem,owns=io+mem,locks=none
Aug 25 01:50:42 okd03.swallowlab.work kernel: vgaarb: loaded
Aug 25 01:50:42 okd03.swallowlab.work kernel: vgaarb: bridge control possible 0000:00:02.0
Aug 25 01:50:42 okd03.swallowlab.work kernel: SCSI subsystem initialized
Aug 25 01:50:42 okd03.swallowlab.work kernel: ACPI: bus type USB registered
Aug 25 01:50:42 okd03.swallowlab.work kernel: usbcore: registered new interface driver usbfs
Aug 25 01:50:42 okd03.swallowlab.work kernel: usbcore: registered new interface driver hub
Aug 25 01:50:42 okd03.swallowlab.work kernel: usbcore: registered new device driver usb
Aug 25 01:50:42 okd03.swallowlab.work kernel: EDAC MC: Ver: 3.0.0
Aug 25 01:50:42 okd03.swallowlab.work kernel: PCI: Using ACPI for IRQ routing
Aug 25 01:50:42 okd03.swallowlab.work kernel: PCI: pci_cache_line_size set to 64 bytes
Aug 25 01:50:42 okd03.swallowlab.work kernel: e820: reserve RAM buffer [mem 0x0009e000-0x0009ffff]
Aug 25 01:50:42 okd03.swallowlab.work kernel: e820: reserve RAM buffer [mem 0x40fc00000-0x40fffffff]
Aug 25 01:50:42 okd03.swallowlab.work kernel: NetLabel: Initializing
Aug 25 01:50:42 okd03.swallowlab.work kernel: NetLabel:  domain hash size = 128
Aug 25 01:50:42 okd03.swallowlab.work kernel: NetLabel:  protocols = UNLABELED CIPSOv4
Aug 25 01:50:42 okd03.swallowlab.work kernel: NetLabel:  unlabeled traffic allowed by default
Aug 25 01:50:42 okd03.swallowlab.work kernel: HPET: 3 timers in total, 0 timers will be used for per-cpu timer
Aug 25 01:50:42 okd03.swallowlab.work kernel: hpet0: at MMIO 0xfed00000, IRQs 2, 8, 0
Aug 25 01:50:42 okd03.swallowlab.work kernel: hpet0: 3 comparators, 64-bit 62.500000 MHz counter
Aug 25 01:50:42 okd03.swallowlab.work kernel: amd_nb: Cannot enumerate AMD northbridges
Aug 25 01:50:42 okd03.swallowlab.work kernel: Switched to clocksource xen
Aug 25 01:50:42 okd03.swallowlab.work kernel: pnp: PnP ACPI init
Aug 25 01:50:42 okd03.swallowlab.work kernel: ACPI: bus type PNP registered
Aug 25 01:50:42 okd03.swallowlab.work kernel: system 00:00: [mem 0x00000000-0x0009ffff] could not be reserved
Aug 25 01:50:42 okd03.swallowlab.work kernel: system 00:00: Plug and Play ACPI device, IDs PNP0c02 (active)
Aug 25 01:50:42 okd03.swallowlab.work kernel: system 00:01: [io  0x08a0-0x08a3] has been reserved
Aug 25 01:50:42 okd03.swallowlab.work kernel: system 00:01: [io  0x0cc0-0x0ccf] has been reserved
Aug 25 01:50:42 okd03.swallowlab.work kernel: system 00:01: [io  0x04d0-0x04d1] has been reserved
Aug 25 01:50:42 okd03.swallowlab.work kernel: system 00:01: Plug and Play ACPI device, IDs PNP0c02 (active)
Aug 25 01:50:42 okd03.swallowlab.work kernel: xen: --> pirq=16 -> irq=8 (gsi=8)
Aug 25 01:50:42 okd03.swallowlab.work kernel: pnp 00:02: Plug and Play ACPI device, IDs PNP0b00 (active)
Aug 25 01:50:42 okd03.swallowlab.work kernel: xen: --> pirq=17 -> irq=12 (gsi=12)
Aug 25 01:50:42 okd03.swallowlab.work kernel: pnp 00:03: Plug and Play ACPI device, IDs PNP0f13 (active)
Aug 25 01:50:42 okd03.swallowlab.work kernel: xen: --> pirq=18 -> irq=1 (gsi=1)
Aug 25 01:50:42 okd03.swallowlab.work kernel: pnp 00:04: Plug and Play ACPI device, IDs PNP0303 PNP030b (active)
Aug 25 01:50:42 okd03.swallowlab.work kernel: xen: --> pirq=19 -> irq=6 (gsi=6)
Aug 25 01:50:42 okd03.swallowlab.work kernel: pnp 00:05: [dma 2]
Aug 25 01:50:42 okd03.swallowlab.work kernel: pnp 00:05: Plug and Play ACPI device, IDs PNP0700 (active)
Aug 25 01:50:42 okd03.swallowlab.work kernel: xen: --> pirq=20 -> irq=4 (gsi=4)
Aug 25 01:50:42 okd03.swallowlab.work kernel: pnp 00:06: Plug and Play ACPI device, IDs PNP0501 (active)
Aug 25 01:50:42 okd03.swallowlab.work kernel: xen: --> pirq=21 -> irq=7 (gsi=7)
Aug 25 01:50:42 okd03.swallowlab.work kernel: pnp 00:07: Plug and Play ACPI device, IDs PNP0400 (active)
Aug 25 01:50:42 okd03.swallowlab.work kernel: system 00:08: [io  0x10c0-0x1141] has been reserved
Aug 25 01:50:42 okd03.swallowlab.work kernel: system 00:08: [io  0xb044-0xb047] has been reserved
Aug 25 01:50:42 okd03.swallowlab.work kernel: system 00:08: Plug and Play ACPI device, IDs PNP0c02 (active)
Aug 25 01:50:42 okd03.swallowlab.work kernel: pnp: PnP ACPI: found 9 devices
Aug 25 01:50:42 okd03.swallowlab.work kernel: ACPI: bus type PNP unregistered
Aug 25 01:50:42 okd03.swallowlab.work kernel: pci_bus 0000:00: resource 4 [io  0x0000-0x0cf7 window]
Aug 25 01:50:42 okd03.swallowlab.work kernel: pci_bus 0000:00: resource 5 [io  0x0d00-0xffff window]
Aug 25 01:50:42 okd03.swallowlab.work kernel: pci_bus 0000:00: resource 6 [mem 0x000a0000-0x000bffff window]
Aug 25 01:50:42 okd03.swallowlab.work kernel: pci_bus 0000:00: resource 7 [mem 0xf0000000-0xfbffffff window]
Aug 25 01:50:42 okd03.swallowlab.work kernel: NET: Registered protocol family 2
Aug 25 01:50:42 okd03.swallowlab.work kernel: TCP established hash table entries: 131072 (order: 8, 1048576 bytes)
Aug 25 01:50:42 okd03.swallowlab.work kernel: TCP bind hash table entries: 65536 (order: 8, 1048576 bytes)
Aug 25 01:50:42 okd03.swallowlab.work kernel: TCP: Hash tables configured (established 131072 bind 65536)
Aug 25 01:50:42 okd03.swallowlab.work kernel: TCP: reno registered
Aug 25 01:50:42 okd03.swallowlab.work kernel: UDP hash table entries: 8192 (order: 6, 262144 bytes)
Aug 25 01:50:42 okd03.swallowlab.work kernel: UDP-Lite hash table entries: 8192 (order: 6, 262144 bytes)
Aug 25 01:50:42 okd03.swallowlab.work kernel: NET: Registered protocol family 1
Aug 25 01:50:42 okd03.swallowlab.work kernel: pci 0000:00:00.0: Limiting direct PCI/PCI transfers
Aug 25 01:50:42 okd03.swallowlab.work kernel: pci 0000:00:01.0: PIIX3: Enabling Passive Release
Aug 25 01:50:42 okd03.swallowlab.work kernel: pci 0000:00:01.0: Activating ISA DMA hang workarounds
Aug 25 01:50:42 okd03.swallowlab.work kernel: xen: --> pirq=22 -> irq=23 (gsi=23)
Aug 25 01:50:42 okd03.swallowlab.work kernel: pci 0000:00:02.0: Boot video device
Aug 25 01:50:42 okd03.swallowlab.work kernel: PCI: CLS 0 bytes, default 64
Aug 25 01:50:42 okd03.swallowlab.work kernel: Unpacking initramfs...
Aug 25 01:50:42 okd03.swallowlab.work kernel: Freeing initrd memory: 17880k freed
Aug 25 01:50:42 okd03.swallowlab.work kernel: PCI-DMA: Using software bounce buffering for IO (SWIOTLB)
Aug 25 01:50:42 okd03.swallowlab.work kernel: software IO TLB [mem 0xec000000-0xf0000000] (64MB) mapped at [ffff99c6ac000000-ffff99c6afffffff]
Aug 25 01:50:42 okd03.swallowlab.work kernel: RAPL PMU: API unit is 2^-32 Joules, 3 fixed counters, 655360 ms ovfl timer
Aug 25 01:50:42 okd03.swallowlab.work kernel: RAPL PMU: hw unit of domain pp0-core 2^-14 Joules
Aug 25 01:50:42 okd03.swallowlab.work kernel: RAPL PMU: hw unit of domain package 2^-14 Joules
Aug 25 01:50:42 okd03.swallowlab.work kernel: RAPL PMU: hw unit of domain dram 2^-16 Joules
Aug 25 01:50:42 okd03.swallowlab.work kernel: sha1_ssse3: Using AVX2 optimized SHA-1 implementation
Aug 25 01:50:42 okd03.swallowlab.work kernel: sha256_ssse3: Using AVX2 optimized SHA-256 implementation
Aug 25 01:50:42 okd03.swallowlab.work kernel: futex hash table entries: 4096 (order: 6, 262144 bytes)
Aug 25 01:50:42 okd03.swallowlab.work kernel: Initialise system trusted keyring
Aug 25 01:50:42 okd03.swallowlab.work kernel: audit: initializing netlink socket (disabled)
Aug 25 01:50:42 okd03.swallowlab.work kernel: type=2000 audit(1566715840.304:1): initialized
Aug 25 01:50:42 okd03.swallowlab.work kernel: HugeTLB registered 1 GB page size, pre-allocated 0 pages
Aug 25 01:50:42 okd03.swallowlab.work kernel: HugeTLB registered 2 MB page size, pre-allocated 0 pages
Aug 25 01:50:42 okd03.swallowlab.work kernel: zpool: loaded
Aug 25 01:50:42 okd03.swallowlab.work kernel: zbud: loaded
Aug 25 01:50:42 okd03.swallowlab.work kernel: VFS: Disk quotas dquot_6.5.2
Aug 25 01:50:42 okd03.swallowlab.work kernel: Dquot-cache hash table entries: 512 (order 0, 4096 bytes)
Aug 25 01:50:42 okd03.swallowlab.work kernel: msgmni has been set to 31754
Aug 25 01:50:42 okd03.swallowlab.work kernel: Key type big_key registered
Aug 25 01:50:42 okd03.swallowlab.work kernel: SELinux:  Registering netfilter hooks
Aug 25 01:50:42 okd03.swallowlab.work kernel: NET: Registered protocol family 38
Aug 25 01:50:42 okd03.swallowlab.work kernel: Key type asymmetric registered
Aug 25 01:50:42 okd03.swallowlab.work kernel: Asymmetric key parser 'x509' registered
Aug 25 01:50:42 okd03.swallowlab.work kernel: Block layer SCSI generic (bsg) driver version 0.4 loaded (major 248)
Aug 25 01:50:42 okd03.swallowlab.work kernel: io scheduler noop registered
Aug 25 01:50:42 okd03.swallowlab.work kernel: io scheduler deadline registered (default)
Aug 25 01:50:42 okd03.swallowlab.work kernel: io scheduler cfq registered
Aug 25 01:50:42 okd03.swallowlab.work kernel: io scheduler mq-deadline registered
Aug 25 01:50:42 okd03.swallowlab.work kernel: io scheduler kyber registered
Aug 25 01:50:42 okd03.swallowlab.work kernel: pci_hotplug: PCI Hot Plug PCI Core version: 0.5
Aug 25 01:50:42 okd03.swallowlab.work kernel: pciehp: PCI Express Hot Plug Controller Driver version: 0.4
Aug 25 01:50:42 okd03.swallowlab.work kernel: shpchp: Standard Hot Plug PCI Controller Driver version: 0.4
Aug 25 01:50:42 okd03.swallowlab.work kernel: intel_idle: does not run on family 6 model 79
Aug 25 01:50:42 okd03.swallowlab.work kernel: input: Power Button as /devices/LNXSYSTM:00/LNXPWRBN:00/input/input0
Aug 25 01:50:42 okd03.swallowlab.work kernel: ACPI: Power Button [PWRF]
Aug 25 01:50:42 okd03.swallowlab.work kernel: input: Sleep Button as /devices/LNXSYSTM:00/LNXSLPBN:00/input/input1
Aug 25 01:50:42 okd03.swallowlab.work kernel: ACPI: Sleep Button [SLPF]
Aug 25 01:50:42 okd03.swallowlab.work kernel: GHES: HEST is not enabled!
Aug 25 01:50:42 okd03.swallowlab.work kernel: xen: --> pirq=23 -> irq=30 (gsi=30)
Aug 25 01:50:42 okd03.swallowlab.work kernel: xen:grant_table: Grant tables using version 1 layout
Aug 25 01:50:42 okd03.swallowlab.work kernel: Grant table initialized
Aug 25 01:50:42 okd03.swallowlab.work kernel: Serial: 8250/16550 driver, 4 ports, IRQ sharing enabled
Aug 25 01:50:42 okd03.swallowlab.work kernel: 00:06: ttyS0 at I/O 0x3f8 (irq = 4) is a 16550A
Aug 25 01:50:42 okd03.swallowlab.work kernel: Non-volatile memory driver v1.3
Aug 25 01:50:42 okd03.swallowlab.work kernel: Linux agpgart interface v0.103
Aug 25 01:50:42 okd03.swallowlab.work kernel: crash memory driver: version 1.1
Aug 25 01:50:42 okd03.swallowlab.work kernel: rdac: device handler registered
Aug 25 01:50:42 okd03.swallowlab.work kernel: hp_sw: device handler registered
Aug 25 01:50:42 okd03.swallowlab.work kernel: emc: device handler registered
Aug 25 01:50:42 okd03.swallowlab.work kernel: alua: device handler registered
Aug 25 01:50:42 okd03.swallowlab.work kernel: libphy: Fixed MDIO Bus: probed
Aug 25 01:50:42 okd03.swallowlab.work kernel: ehci_hcd: USB 2.0 'Enhanced' Host Controller (EHCI) Driver
Aug 25 01:50:42 okd03.swallowlab.work kernel: ehci-pci: EHCI PCI platform driver
Aug 25 01:50:42 okd03.swallowlab.work kernel: ohci_hcd: USB 1.1 'Open' Host Controller (OHCI) Driver
Aug 25 01:50:42 okd03.swallowlab.work kernel: ohci-pci: OHCI PCI platform driver
Aug 25 01:50:42 okd03.swallowlab.work kernel: uhci_hcd: USB Universal Host Controller Interface driver
Aug 25 01:50:42 okd03.swallowlab.work kernel: uhci_hcd 0000:00:01.2: UHCI Host Controller
Aug 25 01:50:42 okd03.swallowlab.work kernel: uhci_hcd 0000:00:01.2: new USB bus registered, assigned bus number 1
Aug 25 01:50:42 okd03.swallowlab.work kernel: uhci_hcd 0000:00:01.2: detected 2 ports
Aug 25 01:50:42 okd03.swallowlab.work kernel: uhci_hcd 0000:00:01.2: irq 23, io base 0x0000c300
Aug 25 01:50:42 okd03.swallowlab.work kernel: usb usb1: New USB device found, idVendor=1d6b, idProduct=0001
Aug 25 01:50:42 okd03.swallowlab.work kernel: usb usb1: New USB device strings: Mfr=3, Product=2, SerialNumber=1
Aug 25 01:50:42 okd03.swallowlab.work kernel: usb usb1: Product: UHCI Host Controller
Aug 25 01:50:42 okd03.swallowlab.work kernel: usb usb1: Manufacturer: Linux 3.10.0-957.27.2.el7.x86_64 uhci_hcd
Aug 25 01:50:42 okd03.swallowlab.work kernel: usb usb1: SerialNumber: 0000:00:01.2
Aug 25 01:50:42 okd03.swallowlab.work kernel: hub 1-0:1.0: USB hub found
Aug 25 01:50:42 okd03.swallowlab.work kernel: hub 1-0:1.0: 2 ports detected
Aug 25 01:50:42 okd03.swallowlab.work kernel: usbcore: registered new interface driver usbserial_generic
Aug 25 01:50:42 okd03.swallowlab.work kernel: usbserial: USB Serial support registered for generic
Aug 25 01:50:42 okd03.swallowlab.work kernel: i8042: PNP: PS/2 Controller [PNP0303:PS2K,PNP0f13:PS2M] at 0x60,0x64 irq 1,12
Aug 25 01:50:42 okd03.swallowlab.work kernel: serio: i8042 KBD port at 0x60,0x64 irq 1
Aug 25 01:50:42 okd03.swallowlab.work kernel: serio: i8042 AUX port at 0x60,0x64 irq 12
Aug 25 01:50:42 okd03.swallowlab.work kernel: mousedev: PS/2 mouse device common for all mice
Aug 25 01:50:42 okd03.swallowlab.work kernel: input: AT Translated Set 2 keyboard as /devices/platform/i8042/serio0/input/input2
Aug 25 01:50:42 okd03.swallowlab.work kernel: rtc_cmos 00:02: rtc core: registered rtc_cmos as rtc0
Aug 25 01:50:42 okd03.swallowlab.work kernel: rtc_cmos 00:02: alarms up to one day, 114 bytes nvram, hpet irqs
Aug 25 01:50:42 okd03.swallowlab.work kernel: cpuidle: using governor menu
Aug 25 01:50:42 okd03.swallowlab.work kernel: hidraw: raw HID events driver (C) Jiri Kosina
Aug 25 01:50:42 okd03.swallowlab.work kernel: usbcore: registered new interface driver usbhid
Aug 25 01:50:42 okd03.swallowlab.work kernel: usbhid: USB HID core driver
Aug 25 01:50:42 okd03.swallowlab.work kernel: drop_monitor: Initializing network drop monitor service
Aug 25 01:50:42 okd03.swallowlab.work kernel: TCP: cubic registered
Aug 25 01:50:42 okd03.swallowlab.work kernel: Initializing XFRM netlink socket
Aug 25 01:50:42 okd03.swallowlab.work kernel: NET: Registered protocol family 10
Aug 25 01:50:42 okd03.swallowlab.work kernel: NET: Registered protocol family 17
Aug 25 01:50:42 okd03.swallowlab.work kernel: mpls_gso: MPLS GSO support
Aug 25 01:50:42 okd03.swallowlab.work kernel: mce: Using 2 MCE banks
Aug 25 01:50:42 okd03.swallowlab.work kernel: PM: Hibernation image not present or could not be loaded.
Aug 25 01:50:42 okd03.swallowlab.work kernel: Loading compiled-in X.509 certificates
Aug 25 01:50:42 okd03.swallowlab.work kernel: Loaded X.509 cert 'CentOS Linux kpatch signing key: ea0413152cde1d98ebdca3fe6f0230904c9ef717'
Aug 25 01:50:42 okd03.swallowlab.work kernel: Loaded X.509 cert 'CentOS Linux Driver update signing key: 7f421ee0ab69461574bb358861dbe77762a4201b'
Aug 25 01:50:42 okd03.swallowlab.work kernel: Loaded X.509 cert 'CentOS Linux kernel signing key: 520a4e2d9d553ef84201c188b87fe51b9de11a5e'
Aug 25 01:50:42 okd03.swallowlab.work kernel: registered taskstats version 1
Aug 25 01:50:42 okd03.swallowlab.work kernel: Key type trusted registered
Aug 25 01:50:42 okd03.swallowlab.work kernel: Key type encrypted registered
Aug 25 01:50:42 okd03.swallowlab.work kernel: IMA: No TPM chip found, activating TPM-bypass! (rc=-19)
Aug 25 01:50:42 okd03.swallowlab.work kernel: xenbus_probe_frontend: Device with no driver: device/vbd/832
Aug 25 01:50:42 okd03.swallowlab.work kernel: xenbus_probe_frontend: Device with no driver: device/vbd/51824
Aug 25 01:50:42 okd03.swallowlab.work kernel: xenbus_probe_frontend: Device with no driver: device/vbd/768
Aug 25 01:50:42 okd03.swallowlab.work kernel: xenbus_probe_frontend: Device with no driver: device/vif/0
Aug 25 01:50:42 okd03.swallowlab.work kernel: xenbus_probe_frontend: Device with no driver: device/vif/1
Aug 25 01:50:42 okd03.swallowlab.work kernel:   Magic number: 15:313:823
Aug 25 01:50:42 okd03.swallowlab.work kernel: rtc_cmos 00:02: setting system clock to 2019-08-25 06:50:41 UTC (1566715841)
Aug 25 01:50:42 okd03.swallowlab.work kernel: random: crng init done
Aug 25 01:50:42 okd03.swallowlab.work kernel: usb 1-2: new full-speed USB device number 2 using uhci_hcd
Aug 25 01:50:42 okd03.swallowlab.work kernel: tsc: Refined TSC clocksource calibration: 2100.000 MHz
Aug 25 01:50:42 okd03.swallowlab.work kernel: Freeing unused kernel memory: 1876k freed
Aug 25 01:50:42 okd03.swallowlab.work kernel: Write protecting the kernel read-only data: 12288k
Aug 25 01:50:42 okd03.swallowlab.work kernel: Freeing unused kernel memory: 508k freed
Aug 25 01:50:42 okd03.swallowlab.work kernel: Freeing unused kernel memory: 596k freed
Aug 25 01:50:42 okd03.swallowlab.work systemd[1]: systemd 219 running in system mode. (+PAM +AUDIT +SELINUX +IMA -APPARMOR +SMACK +SYSVINIT +UTMP +LIBCRYPTSETUP +GCRYPT +GNUTLS +ACL +XZ +LZ4 -SECCOMP +BLKID +ELFUTILS +KMOD +IDN)
Aug 25 01:50:42 okd03.swallowlab.work systemd[1]: Detected virtualization xen.
Aug 25 01:50:42 okd03.swallowlab.work systemd[1]: Detected architecture x86-64.
Aug 25 01:50:42 okd03.swallowlab.work systemd[1]: Running in initial RAM disk.
Aug 25 01:50:42 okd03.swallowlab.work systemd[1]: Set hostname to <okd03.swallowlab.work>.
Aug 25 01:50:42 okd03.swallowlab.work kernel: usb 1-2: New USB device found, idVendor=0627, idProduct=0001
Aug 25 01:50:42 okd03.swallowlab.work kernel: usb 1-2: New USB device strings: Mfr=3, Product=2, SerialNumber=1
Aug 25 01:50:42 okd03.swallowlab.work kernel: usb 1-2: Product: QEMU USB Tablet
Aug 25 01:50:42 okd03.swallowlab.work kernel: usb 1-2: Manufacturer: QEMU 0.10.2
Aug 25 01:50:42 okd03.swallowlab.work systemd[1]: Reached target Local File Systems.
Aug 25 01:50:42 okd03.swallowlab.work kernel: usb 1-2: SerialNumber: 1
Aug 25 01:50:42 okd03.swallowlab.work systemd[1]: Created slice Root Slice.
Aug 25 01:50:42 okd03.swallowlab.work systemd[1]: Created slice System Slice.
Aug 25 01:50:42 okd03.swallowlab.work systemd[1]: Listening on Journal Socket.
Aug 25 01:50:42 okd03.swallowlab.work systemd[1]: Starting Setup Virtual Console...
Aug 25 01:50:42 okd03.swallowlab.work systemd[1]: Starting dracut cmdline hook...
Aug 25 01:50:42 okd03.swallowlab.work kernel: input: QEMU 0.10.2 QEMU USB Tablet as /devices/pci0000:00/0000:00:01.2/usb1/1-2/1-2:1.0/input/input3
Aug 25 01:50:42 okd03.swallowlab.work kernel: hid-generic 0003:0627:0001.0001: input,hidraw0: USB HID v0.01 Pointer [QEMU 0.10.2 QEMU USB Tablet] on usb-0000:00:01.2-2/input0
Aug 25 01:50:42 okd03.swallowlab.work systemd[1]: Starting Apply Kernel Variables...
Aug 25 01:50:42 okd03.swallowlab.work kernel: input: ImExPS/2 Generic Explorer Mouse as /devices/platform/i8042/serio1/input/input4
Aug 25 01:50:42 okd03.swallowlab.work systemd[1]: Reached target Swap.
Aug 25 01:50:42 okd03.swallowlab.work systemd[1]: Reached target Timers.
Aug 25 01:50:42 okd03.swallowlab.work systemd[1]: Starting Journal Service...
Aug 25 01:50:42 okd03.swallowlab.work systemd[1]: Starting Create list of required static device nodes for the current kernel...
Aug 25 01:50:42 okd03.swallowlab.work systemd-journal[189]: Journal started
Aug 25 01:50:42 okd03.swallowlab.work systemd[1]: Listening on udev Kernel Socket.
Aug 25 01:50:42 okd03.swallowlab.work systemd[1]: Listening on udev Control Socket.
Aug 25 01:50:42 okd03.swallowlab.work systemd[1]: Reached target Sockets.
Aug 25 01:50:42 okd03.swallowlab.work systemd[1]: Reached target Slices.
Aug 25 01:50:42 okd03.swallowlab.work systemd[1]: Started Journal Service.
Aug 25 01:50:42 okd03.swallowlab.work systemd[1]: Started Setup Virtual Console.
Aug 25 01:50:42 okd03.swallowlab.work systemd[1]: Started dracut cmdline hook.
Aug 25 01:50:42 okd03.swallowlab.work systemd[1]: Started Apply Kernel Variables.
Aug 25 01:50:42 okd03.swallowlab.work systemd[1]: Started Create list of required static device nodes for the current kernel.
Aug 25 01:50:42 okd03.swallowlab.work systemd[1]: Starting Create Static Device Nodes in /dev...
Aug 25 01:50:42 okd03.swallowlab.work systemd[1]: Starting dracut pre-udev hook...
Aug 25 01:50:42 okd03.swallowlab.work systemd[1]: Started Create Static Device Nodes in /dev.
Aug 25 01:50:42 okd03.swallowlab.work systemd[1]: Started dracut pre-udev hook.
Aug 25 01:50:42 okd03.swallowlab.work systemd[1]: Starting udev Kernel Device Manager...
Aug 25 01:50:42 okd03.swallowlab.work systemd-udevd[223]: starting version 219
Aug 25 01:50:42 okd03.swallowlab.work systemd[1]: Started udev Kernel Device Manager.
Aug 25 01:50:42 okd03.swallowlab.work systemd[1]: Starting udev Coldplug all Devices...
Aug 25 01:50:42 okd03.swallowlab.work systemd[1]: Mounting Configuration File System...
Aug 25 01:50:42 okd03.swallowlab.work systemd[1]: Mounted Configuration File System.
Aug 25 01:50:42 okd03.swallowlab.work systemd[1]: Started udev Coldplug all Devices.
Aug 25 01:50:42 okd03.swallowlab.work systemd[1]: Reached target System Initialization.
Aug 25 01:50:42 okd03.swallowlab.work kernel: FDC 0 is a S82078B
Aug 25 01:50:42 okd03.swallowlab.work systemd[1]: Starting dracut initqueue hook...
Aug 25 01:50:42 okd03.swallowlab.work systemd[1]: Starting Show Plymouth Boot Screen...
Aug 25 01:50:42 okd03.swallowlab.work kernel: libata version 3.00 loaded.
Aug 25 01:50:42 okd03.swallowlab.work kernel: ata_piix 0000:00:01.1: version 2.13
Aug 25 01:50:42 okd03.swallowlab.work kernel: scsi host0: ata_piix
Aug 25 01:50:42 okd03.swallowlab.work systemd[1]: Received SIGRTMIN+20 from PID 275 (plymouthd).
Aug 25 01:50:42 okd03.swallowlab.work systemd[1]: Started Show Plymouth Boot Screen.
Aug 25 01:50:42 okd03.swallowlab.work systemd[1]: Reached target Paths.
Aug 25 01:50:42 okd03.swallowlab.work systemd[1]: Started Forward Password Requests to Plymouth Directory Watch.
Aug 25 01:50:42 okd03.swallowlab.work systemd[1]: Reached target Basic System.
Aug 25 01:50:42 okd03.swallowlab.work kernel: scsi host1: ata_piix
Aug 25 01:50:42 okd03.swallowlab.work kernel: ata1: PATA max MWDMA2 cmd 0x1f0 ctl 0x3f6 bmdma 0xc320 irq 14
Aug 25 01:50:42 okd03.swallowlab.work kernel: ata2: PATA max MWDMA2 cmd 0x170 ctl 0x376 bmdma 0xc328 irq 15
Aug 25 01:50:43 okd03.swallowlab.work kernel: xen_netfront: Initialising Xen virtual ethernet driver
Aug 25 01:50:43 okd03.swallowlab.work kernel: blkfront: xvdb: barrier: enabled; persistent grants: disabled; indirect descriptors: disabled;
Aug 25 01:50:43 okd03.swallowlab.work kernel:  xvdb: xvdb1
Aug 25 01:50:43 okd03.swallowlab.work kernel: blkfront: xvdh: barrier: enabled; persistent grants: disabled; indirect descriptors: disabled;
Aug 25 01:50:43 okd03.swallowlab.work kernel:  xvdh:
Aug 25 01:50:43 okd03.swallowlab.work kernel: blkfront: xvda: barrier: enabled; persistent grants: disabled; indirect descriptors: disabled;
Aug 25 01:50:43 okd03.swallowlab.work kernel:  xvda: xvda1 xvda2
Aug 25 01:50:43 okd03.swallowlab.work systemd[1]: Found device /dev/disk/by-uuid/4032b344-f59c-4749-83e4-5ea2d6e5673f.
Aug 25 01:50:43 okd03.swallowlab.work systemd[1]: Starting File System Check on /dev/disk/by-uuid/4032b344-f59c-4749-83e4-5ea2d6e5673f...
Aug 25 01:50:43 okd03.swallowlab.work systemd-fsck[529]: /dev/xvda2: clean, 71912/6537216 files, 1521233/26148608 blocks
Aug 25 01:50:43 okd03.swallowlab.work systemd[1]: Started File System Check on /dev/disk/by-uuid/4032b344-f59c-4749-83e4-5ea2d6e5673f.
Aug 25 01:50:43 okd03.swallowlab.work systemd[1]: Started dracut initqueue hook.
Aug 25 01:50:43 okd03.swallowlab.work systemd[1]: Mounting /sysroot...
Aug 25 01:50:43 okd03.swallowlab.work systemd[1]: Reached target Remote File Systems (Pre).
Aug 25 01:50:43 okd03.swallowlab.work systemd[1]: Reached target Remote File Systems.
Aug 25 01:50:43 okd03.swallowlab.work kernel: EXT4-fs (xvda2): mounting ext3 file system using the ext4 subsystem
Aug 25 01:50:43 okd03.swallowlab.work kernel: EXT4-fs (xvda2): mounted filesystem with ordered data mode. Opts: (null)
Aug 25 01:50:43 okd03.swallowlab.work systemd[1]: Mounted /sysroot.
Aug 25 01:50:43 okd03.swallowlab.work systemd[1]: Reached target Initrd Root File System.
Aug 25 01:50:43 okd03.swallowlab.work systemd[1]: Starting Reload Configuration from the Real Root...
Aug 25 01:50:43 okd03.swallowlab.work systemd[1]: Reloading.
Aug 25 01:50:43 okd03.swallowlab.work systemd[1]: Started Reload Configuration from the Real Root.
Aug 25 01:50:43 okd03.swallowlab.work systemd[1]: Reached target Initrd File Systems.
Aug 25 01:50:43 okd03.swallowlab.work systemd[1]: Reached target Initrd Default Target.
Aug 25 01:50:43 okd03.swallowlab.work systemd[1]: Starting dracut pre-pivot and cleanup hook...
Aug 25 01:50:43 okd03.swallowlab.work systemd[1]: Started dracut pre-pivot and cleanup hook.
Aug 25 01:50:43 okd03.swallowlab.work systemd[1]: Starting Cleaning Up and Shutting Down Daemons...
Aug 25 01:50:43 okd03.swallowlab.work systemd[1]: Stopped target Timers.
Aug 25 01:50:43 okd03.swallowlab.work systemd[1]: Starting Plymouth switch root service...
Aug 25 01:50:43 okd03.swallowlab.work systemd[1]: Stopped Cleaning Up and Shutting Down Daemons.
Aug 25 01:50:43 okd03.swallowlab.work systemd[1]: Stopped dracut pre-pivot and cleanup hook.
Aug 25 01:50:43 okd03.swallowlab.work systemd[1]: Stopped target Remote File Systems.
Aug 25 01:50:43 okd03.swallowlab.work systemd[1]: Stopped target Remote File Systems (Pre).
Aug 25 01:50:43 okd03.swallowlab.work systemd[1]: Stopped dracut initqueue hook.
Aug 25 01:50:43 okd03.swallowlab.work systemd[1]: Stopped target Initrd Default Target.
Aug 25 01:50:43 okd03.swallowlab.work systemd[1]: Stopped target Basic System.
Aug 25 01:50:43 okd03.swallowlab.work systemd[1]: Stopped target Paths.
Aug 25 01:50:43 okd03.swallowlab.work systemd[1]: Stopped target Sockets.
Aug 25 01:50:43 okd03.swallowlab.work systemd[1]: Stopped target System Initialization.
Aug 25 01:50:43 okd03.swallowlab.work systemd[1]: Stopped target Swap.
Aug 25 01:50:43 okd03.swallowlab.work systemd[1]: Stopped target Local File Systems.
Aug 25 01:50:43 okd03.swallowlab.work systemd[1]: Stopped Apply Kernel Variables.
Aug 25 01:50:43 okd03.swallowlab.work systemd[1]: Stopped udev Coldplug all Devices.
Aug 25 01:50:43 okd03.swallowlab.work systemd[1]: Stopping udev Kernel Device Manager...
Aug 25 01:50:43 okd03.swallowlab.work systemd[1]: Stopped target Slices.
Aug 25 01:50:43 okd03.swallowlab.work systemd[1]: Stopped udev Kernel Device Manager.
Aug 25 01:50:43 okd03.swallowlab.work systemd[1]: Stopped Create Static Device Nodes in /dev.
Aug 25 01:50:43 okd03.swallowlab.work systemd[1]: Stopped Create list of required static device nodes for the current kernel.
Aug 25 01:50:43 okd03.swallowlab.work systemd[1]: Stopped dracut pre-udev hook.
Aug 25 01:50:43 okd03.swallowlab.work systemd[1]: Stopped dracut cmdline hook.
Aug 25 01:50:43 okd03.swallowlab.work systemd[1]: Closed udev Kernel Socket.
Aug 25 01:50:43 okd03.swallowlab.work systemd[1]: Closed udev Control Socket.
Aug 25 01:50:43 okd03.swallowlab.work systemd[1]: Starting Cleanup udevd DB...
Aug 25 01:50:43 okd03.swallowlab.work systemd[1]: Started Cleanup udevd DB.
Aug 25 01:50:43 okd03.swallowlab.work systemd[1]: Reached target Switch Root.
Aug 25 01:50:43 okd03.swallowlab.work systemd[1]: Started Plymouth switch root service.
Aug 25 01:50:43 okd03.swallowlab.work systemd[1]: Starting Switch Root...
Aug 25 01:50:43 okd03.swallowlab.work systemd[1]: Switching root.
Aug 25 01:50:43 okd03.swallowlab.work systemd-journal[189]: Journal stopped
Aug 25 01:50:44 okd03.swallowlab.work systemd-journal[618]: Runtime journal is using 8.0M (max allowed 794.0M, trying to leave 1.1G free of 7.7G available â†’ current limit 794.0M).
Aug 25 01:50:44 okd03.swallowlab.work systemd-journald[189]: Received SIGTERM from PID 1 (systemd).
Aug 25 01:50:44 okd03.swallowlab.work kernel: SELinux: 2048 avtab hash slots, 112490 rules.
Aug 25 01:50:44 okd03.swallowlab.work kernel: SELinux: 2048 avtab hash slots, 112490 rules.
Aug 25 01:50:44 okd03.swallowlab.work kernel: SELinux:  8 users, 14 roles, 5036 types, 318 bools, 1 sens, 1024 cats
Aug 25 01:50:44 okd03.swallowlab.work kernel: SELinux:  129 classes, 112490 rules
Aug 25 01:50:44 okd03.swallowlab.work kernel: SELinux:  Class bpf not defined in policy.
Aug 25 01:50:44 okd03.swallowlab.work kernel: SELinux: the above unknown classes and permissions will be allowed
Aug 25 01:50:44 okd03.swallowlab.work kernel: SELinux:  Completing initialization.
Aug 25 01:50:44 okd03.swallowlab.work kernel: SELinux:  Setting up existing superblocks.
Aug 25 01:50:44 okd03.swallowlab.work kernel: type=1403 audit(1566715844.058:2): policy loaded auid=4294967295 ses=4294967295
Aug 25 01:50:44 okd03.swallowlab.work systemd[1]: Successfully loaded SELinux policy in 205.890ms.
Aug 25 01:50:44 okd03.swallowlab.work kernel: ip_tables: (C) 2000-2006 Netfilter Core Team
Aug 25 01:50:44 okd03.swallowlab.work systemd[1]: Inserted module 'ip_tables'
Aug 25 01:50:44 okd03.swallowlab.work systemd[1]: Relabelled /dev, /run and /sys/fs/cgroup in 19.079ms.
Aug 25 01:50:44 okd03.swallowlab.work systemd[1]: [/etc/systemd/system.conf.d/origin-accounting.conf:5] Unknown lvalue 'DefaultIOAccounting' in section 'Manager'
Aug 25 01:50:44 okd03.swallowlab.work systemd-journal[618]: Journal started
Aug 25 01:50:44 okd03.swallowlab.work systemd[1]: systemd 219 running in system mode. (+PAM +AUDIT +SELINUX +IMA -APPARMOR +SMACK +SYSVINIT +UTMP +LIBCRYPTSETUP +GCRYPT +GNUTLS +ACL +XZ +LZ4 -SECCOMP +BLKID +ELFUTILS +KMOD +IDN)
Aug 25 01:50:44 okd03.swallowlab.work systemd[1]: Detected virtualization xen.
Aug 25 01:50:44 okd03.swallowlab.work systemd[1]: Detected architecture x86-64.
Aug 25 01:50:44 okd03.swallowlab.work systemd[1]: Set hostname to <okd03.swallowlab.work>.
Aug 25 01:50:44 okd03.swallowlab.work kernel: EXT4-fs (xvda2): re-mounted. Opts: (null)
Aug 25 01:50:44 okd03.swallowlab.work kernel: device-mapper: uevent: version 1.0.3
Aug 25 01:50:44 okd03.swallowlab.work kernel: device-mapper: ioctl: 4.37.1-ioctl (2018-04-03) initialised: dm-devel@redhat.com
Aug 25 01:50:44 okd03.swallowlab.work systemd-modules-load[629]: Inserted module 'dm_thin_pool'
Aug 25 01:50:44 okd03.swallowlab.work systemd-modules-load[629]: Inserted module 'dm_multipath'
Aug 25 01:50:45 okd03.swallowlab.work systemd[1]: Started Create list of required static device nodes for the current kernel.
Aug 25 01:50:45 okd03.swallowlab.work systemd[1]: Started Read and set NIS domainname from /etc/sysconfig/network.
Aug 25 01:50:45 okd03.swallowlab.work kernel: Rounding down aligned max_sectors from 4294967295 to 4294967288
Aug 25 01:50:45 okd03.swallowlab.work systemd[1]: Started Remount Root and Kernel File Systems.
Aug 25 01:50:45 okd03.swallowlab.work systemd-modules-load[629]: Inserted module 'target_core_user'
Aug 25 01:50:45 okd03.swallowlab.work systemd[1]: Started Load Kernel Modules.
Aug 25 01:50:45 okd03.swallowlab.work systemd[1]: Started LVM2 metadata daemon.
Aug 25 01:50:45 okd03.swallowlab.work systemd[1]: Starting Apply Kernel Variables...
Aug 25 01:50:45 okd03.swallowlab.work systemd[1]: Starting Configure read-only root support...
Aug 25 01:50:45 okd03.swallowlab.work systemd[1]: Starting udev Coldplug all Devices...
Aug 25 01:50:45 okd03.swallowlab.work systemd[1]: Starting Initial cloud-init job (pre-networking)...
Aug 25 01:50:45 okd03.swallowlab.work systemd[1]: Starting Create Static Device Nodes in /dev...
Aug 25 01:50:45 okd03.swallowlab.work systemd[1]: Starting Flush Journal to Persistent Storage...
Aug 25 01:50:45 okd03.swallowlab.work systemd[1]: Started Apply Kernel Variables.
Aug 25 01:50:45 okd03.swallowlab.work systemd[1]: Started Configure read-only root support.
Aug 25 01:50:45 okd03.swallowlab.work systemd[1]: Started Create Static Device Nodes in /dev.
Aug 25 01:50:45 okd03.swallowlab.work systemd[1]: Started udev Coldplug all Devices.
Aug 25 01:50:45 okd03.swallowlab.work systemd[1]: Starting Device-Mapper Multipath Device Controller...
Aug 25 01:50:45 okd03.swallowlab.work systemd[1]: Starting udev Kernel Device Manager...
Aug 25 01:50:45 okd03.swallowlab.work systemd[1]: Starting Load/Save Random Seed...
Aug 25 01:50:45 okd03.swallowlab.work systemd-journal[618]: Permanent journal is using 655.0M (max allowed 8.0G, trying to leave 4.0G free of 88.9G available â†’ current limit 8.0G).
Aug 25 01:50:45 okd03.swallowlab.work systemd-journal[618]: Time spent on flushing to /var is 18.951ms for 635 entries.
Aug 25 01:50:45 okd03.swallowlab.work kernel: type=1400 audit(1566715845.386:3): avc:  denied  { read write } for  pid=618 comm="systemd-journal" name="system.journal" dev="xvda2" ino=2621442 scontext=system_u:system_r:syslogd_t:s0 tcontext=system_u:object_r:unlabeled_t:s0 tclass=file permissive=1
Aug 25 01:50:45 okd03.swallowlab.work kernel: type=1400 audit(1566715845.429:4): avc:  denied  { open } for  pid=618 comm="systemd-journal" path="/var/log/journal/fe74f1fb7eed4e6d95fd9cd8028da1ff/system.journal" dev="xvda2" ino=2621442 scontext=system_u:system_r:syslogd_t:s0 tcontext=system_u:object_r:unlabeled_t:s0 tclass=file permissive=1
Aug 25 01:50:45 okd03.swallowlab.work kernel: type=1400 audit(1566715845.477:5): avc:  denied  { getattr } for  pid=618 comm="systemd-journal" path="/var/log/journal/fe74f1fb7eed4e6d95fd9cd8028da1ff/system.journal" dev="xvda2" ino=2621442 scontext=system_u:system_r:syslogd_t:s0 tcontext=system_u:object_r:unlabeled_t:s0 tclass=file permissive=1
Aug 25 01:50:45 okd03.swallowlab.work kernel: type=1400 audit(1566715845.482:6): avc:  denied  { setattr } for  pid=618 comm="systemd-journal" name="system.journal" dev="xvda2" ino=2621442 scontext=system_u:system_r:syslogd_t:s0 tcontext=system_u:object_r:unlabeled_t:s0 tclass=file permissive=1
Aug 25 01:50:45 okd03.swallowlab.work systemd[1]: Started Load/Save Random Seed.
Aug 25 01:50:45 okd03.swallowlab.work systemd-udevd[664]: starting version 219
Aug 25 01:50:45 okd03.swallowlab.work systemd[1]: Started Device-Mapper Multipath Device Controller.
Aug 25 01:50:45 okd03.swallowlab.work systemd[1]: Started Flush Journal to Persistent Storage.
Aug 25 01:50:45 okd03.swallowlab.work systemd[1]: Started udev Kernel Device Manager.
Aug 25 01:50:45 okd03.swallowlab.work multipathd[677]: path checkers start up
Aug 25 01:50:45 okd03.swallowlab.work kernel: parport_pc 00:07: reported by Plug and Play ACPI
Aug 25 01:50:45 okd03.swallowlab.work kernel: parport0: PC-style at 0x378, irq 7 [PCSPP,TRISTATE]
Aug 25 01:50:45 okd03.swallowlab.work systemd[1]: Found device /dev/ttyS0.
Aug 25 01:50:45 okd03.swallowlab.work kernel: input: PC Speaker as /devices/platform/pcspkr/input/input5
Aug 25 01:50:45 okd03.swallowlab.work kernel: piix4_smbus 0000:00:01.3: SMBus base address uninitialized - upgrade BIOS or use force_addr=0xaddr
Aug 25 01:50:45 okd03.swallowlab.work kernel: type=1400 audit(1566715845.840:7): avc:  denied  { write open } for  pid=618 comm="systemd-journal" name="system.journal" dev="xvda2" ino=2621442 scontext=system_u:system_r:syslogd_t:s0 tcontext=system_u:object_r:unlabeled_t:s0 tclass=file permissive=1
Aug 25 01:50:45 okd03.swallowlab.work cloud-init[653]: Traceback (most recent call last):
Aug 25 01:50:45 okd03.swallowlab.work cloud-init[653]: File "/usr/bin/cloud-init", line 9, in <module>
Aug 25 01:50:45 okd03.swallowlab.work kernel: cryptd: max_cpu_qlen set to 1000
Aug 25 01:50:45 okd03.swallowlab.work kernel: AVX2 version of gcm_enc/dec engaged.
Aug 25 01:50:45 okd03.swallowlab.work kernel: AES CTR mode by8 optimization enabled
Aug 25 01:50:45 okd03.swallowlab.work kernel: alg: No test for __gcm-aes-aesni (__driver-gcm-aes-aesni)
Aug 25 01:50:45 okd03.swallowlab.work kernel: alg: No test for __generic-gcm-aes-aesni (__driver-generic-gcm-aes-aesni)
Aug 25 01:50:45 okd03.swallowlab.work systemd[1]: cloud-init-local.service: main process exited, code=exited, status=1/FAILURE
Aug 25 01:50:45 okd03.swallowlab.work cloud-init[653]: load_entry_point('cloud-init==0.7.9', 'console_scripts', 'cloud-init')()
Aug 25 01:50:46 okd03.swallowlab.work cloud-init[653]: File "/usr/lib/python2.7/site-packages/pkg_resources.py", line 378, in load_entry_point
Aug 25 01:50:46 okd03.swallowlab.work cloud-init[653]: return get_distribution(dist).load_entry_point(group, name)
Aug 25 01:50:46 okd03.swallowlab.work cloud-init[653]: File "/usr/lib/python2.7/site-packages/pkg_resources.py", line 2566, in load_entry_point
Aug 25 01:50:46 okd03.swallowlab.work cloud-init[653]: return ep.load()
Aug 25 01:50:46 okd03.swallowlab.work cloud-init[653]: File "/usr/lib/python2.7/site-packages/pkg_resources.py", line 2260, in load
Aug 25 01:50:46 okd03.swallowlab.work cloud-init[653]: entry = __import__(self.module_name, globals(),globals(), ['__name__'])
Aug 25 01:50:46 okd03.swallowlab.work cloud-init[653]: File "/usr/lib/python2.7/site-packages/cloud_init-0.7.9-py2.7.egg/cloudinit/cmd/main.py", line 24, in <module>
Aug 25 01:50:46 okd03.swallowlab.work cloud-init[653]: from cloudinit import netinfo
Aug 25 01:50:46 okd03.swallowlab.work cloud-init[653]: File "/usr/lib/python2.7/site-packages/cloud_init-0.7.9-py2.7.egg/cloudinit/netinfo.py", line 14, in <module>
Aug 25 01:50:46 okd03.swallowlab.work cloud-init[653]: from cloudinit import util
Aug 25 01:50:46 okd03.swallowlab.work cloud-init[653]: File "/usr/lib/python2.7/site-packages/cloud_init-0.7.9-py2.7.egg/cloudinit/util.py", line 48, in <module>
Aug 25 01:50:46 okd03.swallowlab.work cloud-init[653]: from cloudinit import url_helper
Aug 25 01:50:46 okd03.swallowlab.work cloud-init[653]: File "/usr/lib/python2.7/site-packages/cloud_init-0.7.9-py2.7.egg/cloudinit/url_helper.py", line 13, in <module>
Aug 25 01:50:46 okd03.swallowlab.work cloud-init[653]: import requests
Aug 25 01:50:46 okd03.swallowlab.work cloud-init[653]: File "/usr/lib/python2.7/site-packages/requests/__init__.py", line 58, in <module>
Aug 25 01:50:46 okd03.swallowlab.work cloud-init[653]: from . import utils
Aug 25 01:50:46 okd03.swallowlab.work cloud-init[653]: File "/usr/lib/python2.7/site-packages/requests/utils.py", line 32, in <module>
Aug 25 01:50:46 okd03.swallowlab.work cloud-init[653]: from .exceptions import InvalidURL
Aug 25 01:50:46 okd03.swallowlab.work cloud-init[653]: File "/usr/lib/python2.7/site-packages/requests/exceptions.py", line 10, in <module>
Aug 25 01:50:46 okd03.swallowlab.work cloud-init[653]: from .packages.urllib3.exceptions import HTTPError as BaseHTTPError
Aug 25 01:50:46 okd03.swallowlab.work cloud-init[653]: File "/usr/lib/python2.7/site-packages/requests/packages/__init__.py", line 95, in load_module
Aug 25 01:50:46 okd03.swallowlab.work cloud-init[653]: raise ImportError("No module named '%s'" % (name,))
Aug 25 01:50:46 okd03.swallowlab.work cloud-init[653]: ImportError: No module named 'requests.packages.urllib3'
Aug 25 01:50:45 okd03.swallowlab.work systemd[1]: Failed to start Initial cloud-init job (pre-networking).
Aug 25 01:50:45 okd03.swallowlab.work systemd[1]: Unit cloud-init-local.service entered failed state.
Aug 25 01:50:45 okd03.swallowlab.work systemd[1]: cloud-init-local.service failed.
Aug 25 01:50:45 okd03.swallowlab.work systemd[1]: Reached target Network (Pre).
Aug 25 01:50:45 okd03.swallowlab.work systemd[1]: Starting Initial cloud-init job (metadata service crawler)...
Aug 25 01:50:46 okd03.swallowlab.work cloud-init[808]: Traceback (most recent call last):
Aug 25 01:50:46 okd03.swallowlab.work cloud-init[808]: File "/usr/bin/cloud-init", line 9, in <module>
Aug 25 01:50:46 okd03.swallowlab.work cloud-init[808]: load_entry_point('cloud-init==0.7.9', 'console_scripts', 'cloud-init')()
Aug 25 01:50:46 okd03.swallowlab.work cloud-init[808]: File "/usr/lib/python2.7/site-packages/pkg_resources.py", line 378, in load_entry_point
Aug 25 01:50:46 okd03.swallowlab.work cloud-init[808]: return get_distribution(dist).load_entry_point(group, name)
Aug 25 01:50:46 okd03.swallowlab.work cloud-init[808]: File "/usr/lib/python2.7/site-packages/pkg_resources.py", line 2566, in load_entry_point
Aug 25 01:50:46 okd03.swallowlab.work cloud-init[808]: return ep.load()
Aug 25 01:50:46 okd03.swallowlab.work cloud-init[808]: File "/usr/lib/python2.7/site-packages/pkg_resources.py", line 2260, in load
Aug 25 01:50:46 okd03.swallowlab.work cloud-init[808]: entry = __import__(self.module_name, globals(),globals(), ['__name__'])
Aug 25 01:50:46 okd03.swallowlab.work cloud-init[808]: File "/usr/lib/python2.7/site-packages/cloud_init-0.7.9-py2.7.egg/cloudinit/cmd/main.py", line 24, in <module>
Aug 25 01:50:46 okd03.swallowlab.work cloud-init[808]: from cloudinit import netinfo
Aug 25 01:50:46 okd03.swallowlab.work cloud-init[808]: File "/usr/lib/python2.7/site-packages/cloud_init-0.7.9-py2.7.egg/cloudinit/netinfo.py", line 14, in <module>
Aug 25 01:50:46 okd03.swallowlab.work cloud-init[808]: from cloudinit import util
Aug 25 01:50:46 okd03.swallowlab.work cloud-init[808]: File "/usr/lib/python2.7/site-packages/cloud_init-0.7.9-py2.7.egg/cloudinit/util.py", line 48, in <module>
Aug 25 01:50:46 okd03.swallowlab.work cloud-init[808]: from cloudinit import url_helper
Aug 25 01:50:46 okd03.swallowlab.work cloud-init[808]: File "/usr/lib/python2.7/site-packages/cloud_init-0.7.9-py2.7.egg/cloudinit/url_helper.py", line 13, in <module>
Aug 25 01:50:46 okd03.swallowlab.work cloud-init[808]: import requests
Aug 25 01:50:46 okd03.swallowlab.work cloud-init[808]: File "/usr/lib/python2.7/site-packages/requests/__init__.py", line 58, in <module>
Aug 25 01:50:46 okd03.swallowlab.work cloud-init[808]: from . import utils
Aug 25 01:50:46 okd03.swallowlab.work cloud-init[808]: File "/usr/lib/python2.7/site-packages/requests/utils.py", line 32, in <module>
Aug 25 01:50:46 okd03.swallowlab.work cloud-init[808]: from .exceptions import InvalidURL
Aug 25 01:50:46 okd03.swallowlab.work cloud-init[808]: File "/usr/lib/python2.7/site-packages/requests/exceptions.py", line 10, in <module>
Aug 25 01:50:46 okd03.swallowlab.work cloud-init[808]: from .packages.urllib3.exceptions import HTTPError as BaseHTTPError
Aug 25 01:50:46 okd03.swallowlab.work cloud-init[808]: File "/usr/lib/python2.7/site-packages/requests/packages/__init__.py", line 95, in load_module
Aug 25 01:50:46 okd03.swallowlab.work cloud-init[808]: raise ImportError("No module named '%s'" % (name,))
Aug 25 01:50:46 okd03.swallowlab.work cloud-init[808]: ImportError: No module named 'requests.packages.urllib3'
Aug 25 01:50:46 okd03.swallowlab.work kernel: intel_rapl: Found RAPL domain package
Aug 25 01:50:46 okd03.swallowlab.work kernel: intel_rapl: Found RAPL domain dram
Aug 25 01:50:46 okd03.swallowlab.work kernel: intel_rapl: DRAM domain energy unit 15300pj
Aug 25 01:50:46 okd03.swallowlab.work kernel: EDAC sbridge: Seeking for: PCI ID 8086:6fa0
Aug 25 01:50:46 okd03.swallowlab.work kernel: EDAC sbridge:  Ver: 1.1.2 
Aug 25 01:50:46 okd03.swallowlab.work multipathd[677]: xvdb: add path (uevent)
Aug 25 01:50:46 okd03.swallowlab.work systemd[1]: cloud-init.service: main process exited, code=exited, status=1/FAILURE
Aug 25 01:50:46 okd03.swallowlab.work multipathd[677]: xvdb: spurious uevent, path already in pathvec
Aug 25 01:50:46 okd03.swallowlab.work systemd[1]: Failed to start Initial cloud-init job (metadata service crawler).
Aug 25 01:50:46 okd03.swallowlab.work multipathd[677]: xvdb: failed to get path uid
Aug 25 01:50:46 okd03.swallowlab.work systemd[1]: Unit cloud-init.service entered failed state.
Aug 25 01:50:46 okd03.swallowlab.work multipathd[677]: uevent trigger error
Aug 25 01:50:46 okd03.swallowlab.work systemd[1]: cloud-init.service failed.
Aug 25 01:50:46 okd03.swallowlab.work systemd[1]: Found device /dev/hvc0.
Aug 25 01:50:46 okd03.swallowlab.work systemd[1]: Reached target Cloud-config availability.
Aug 25 01:50:46 okd03.swallowlab.work kernel: ppdev: user-space parallel port driver
Aug 25 01:50:46 okd03.swallowlab.work multipathd[677]: xvdh: add path (uevent)
Aug 25 01:50:46 okd03.swallowlab.work multipathd[677]: xvdh: spurious uevent, path already in pathvec
Aug 25 01:50:46 okd03.swallowlab.work multipathd[677]: xvdh: failed to get path uid
Aug 25 01:50:46 okd03.swallowlab.work multipathd[677]: uevent trigger error
Aug 25 01:50:49 okd03.swallowlab.work multipathd[677]: xvda: add path (uevent)
Aug 25 01:50:49 okd03.swallowlab.work multipathd[677]: xvda: spurious uevent, path already in pathvec
Aug 25 01:50:49 okd03.swallowlab.work multipathd[677]: xvda: failed to get path uid
Aug 25 01:50:49 okd03.swallowlab.work multipathd[677]: uevent trigger error
Aug 25 01:50:49 okd03.swallowlab.work systemd[1]: Found device /dev/disk/by-uuid/73b5179a-e38d-4b2f-8b09-62be1eb6b3a3.
Aug 25 01:50:49 okd03.swallowlab.work systemd[1]: Started Monitoring of LVM2 mirrors, snapshots etc. using dmeventd or progress polling.
Aug 25 01:50:49 okd03.swallowlab.work systemd[1]: Reached target Local File Systems (Pre).
Aug 25 01:50:49 okd03.swallowlab.work systemd[1]: Starting File System Check on /dev/disk/by-uuid/73b5179a-e38d-4b2f-8b09-62be1eb6b3a3...
Aug 25 01:50:49 okd03.swallowlab.work systemd-fsck[1024]: /dev/xvda1: clean, 350/65536 files, 199558/262144 blocks
Aug 25 01:50:49 okd03.swallowlab.work systemd[1]: Started File System Check on /dev/disk/by-uuid/73b5179a-e38d-4b2f-8b09-62be1eb6b3a3.
Aug 25 01:50:49 okd03.swallowlab.work systemd[1]: Mounting /boot...
Aug 25 01:50:49 okd03.swallowlab.work kernel: EXT4-fs (xvda1): mounting ext3 file system using the ext4 subsystem
Aug 25 01:50:49 okd03.swallowlab.work kernel: EXT4-fs (xvda1): mounted filesystem with ordered data mode. Opts: (null)
Aug 25 01:50:49 okd03.swallowlab.work systemd[1]: Mounted /boot.
Aug 25 01:50:49 okd03.swallowlab.work systemd[1]: Reached target Local File Systems.
Aug 25 01:50:49 okd03.swallowlab.work systemd[1]: Starting Tell Plymouth To Write Out Runtime Data...
Aug 25 01:50:49 okd03.swallowlab.work systemd[1]: Starting Import network configuration from initramfs...
Aug 25 01:50:49 okd03.swallowlab.work systemd[1]: Starting Preprocess NFS configuration...
Aug 25 01:50:49 okd03.swallowlab.work systemd[1]: Started Tell Plymouth To Write Out Runtime Data.
Aug 25 01:50:49 okd03.swallowlab.work systemd[1]: Started Preprocess NFS configuration.
Aug 25 01:50:49 okd03.swallowlab.work systemd[1]: Started Import network configuration from initramfs.
Aug 25 01:50:49 okd03.swallowlab.work systemd[1]: Starting Create Volatile Files and Directories...
Aug 25 01:50:49 okd03.swallowlab.work systemd[1]: Started Create Volatile Files and Directories.
Aug 25 01:50:49 okd03.swallowlab.work systemd[1]: Starting Security Auditing Service...
Aug 25 01:50:49 okd03.swallowlab.work systemd[1]: Mounting RPC Pipe File System...
Aug 25 01:50:49 okd03.swallowlab.work auditd[1056]: Started dispatcher: /sbin/audispd pid: 1058
Aug 25 01:50:49 okd03.swallowlab.work kernel: type=1305 audit(1566715849.832:8): audit_pid=1056 old=0 auid=4294967295 ses=4294967295 subj=system_u:system_r:auditd_t:s0 res=1
Aug 25 01:50:49 okd03.swallowlab.work audispd[1058]: No plugins found, exiting
Aug 25 01:50:49 okd03.swallowlab.work kernel: RPC: Registered named UNIX socket transport module.
Aug 25 01:50:49 okd03.swallowlab.work kernel: RPC: Registered udp transport module.
Aug 25 01:50:49 okd03.swallowlab.work kernel: RPC: Registered tcp transport module.
Aug 25 01:50:49 okd03.swallowlab.work kernel: RPC: Registered tcp NFSv4.1 backchannel transport module.
Aug 25 01:50:49 okd03.swallowlab.work systemd[1]: Mounted RPC Pipe File System.
Aug 25 01:50:49 okd03.swallowlab.work systemd[1]: Reached target rpc_pipefs.target.
Aug 25 01:50:49 okd03.swallowlab.work auditd[1056]: Init complete, auditd 2.8.4 listening for events (startup state enable)
Aug 25 01:50:49 okd03.swallowlab.work augenrules[1065]: /sbin/augenrules: No change
Aug 25 01:50:49 okd03.swallowlab.work augenrules[1065]: No rules
Aug 25 01:50:49 okd03.swallowlab.work augenrules[1065]: enabled 1
Aug 25 01:50:49 okd03.swallowlab.work augenrules[1065]: failure 1
Aug 25 01:50:49 okd03.swallowlab.work augenrules[1065]: pid 1056
Aug 25 01:50:49 okd03.swallowlab.work augenrules[1065]: rate_limit 0
Aug 25 01:50:49 okd03.swallowlab.work augenrules[1065]: backlog_limit 8192
Aug 25 01:50:49 okd03.swallowlab.work augenrules[1065]: lost 0
Aug 25 01:50:49 okd03.swallowlab.work augenrules[1065]: backlog 1
Aug 25 01:50:49 okd03.swallowlab.work augenrules[1065]: enabled 1
Aug 25 01:50:49 okd03.swallowlab.work augenrules[1065]: failure 1
Aug 25 01:50:49 okd03.swallowlab.work augenrules[1065]: pid 1056
Aug 25 01:50:49 okd03.swallowlab.work augenrules[1065]: rate_limit 0
Aug 25 01:50:49 okd03.swallowlab.work augenrules[1065]: backlog_limit 8192
Aug 25 01:50:49 okd03.swallowlab.work augenrules[1065]: lost 0
Aug 25 01:50:49 okd03.swallowlab.work augenrules[1065]: backlog 1
Aug 25 01:50:49 okd03.swallowlab.work systemd[1]: Started Security Auditing Service.
Aug 25 01:50:50 okd03.swallowlab.work systemd[1]: Starting Update UTMP about System Boot/Shutdown...
Aug 25 01:50:50 okd03.swallowlab.work systemd[1]: Started Update UTMP about System Boot/Shutdown.
Aug 25 01:50:50 okd03.swallowlab.work systemd[1]: Reached target System Initialization.
Aug 25 01:50:50 okd03.swallowlab.work systemd[1]: Started Run docker-cleanup every hour.
Aug 25 01:50:50 okd03.swallowlab.work systemd[1]: Listening on Open-iSCSI iscsiuio Socket.
Aug 25 01:50:50 okd03.swallowlab.work systemd[1]: Started Daily Cleanup of Temporary Directories.
Aug 25 01:50:50 okd03.swallowlab.work systemd[1]: Reached target Timers.
Aug 25 01:50:50 okd03.swallowlab.work systemd[1]: Listening on RPCbind Server Activation Socket.
Aug 25 01:50:50 okd03.swallowlab.work systemd[1]: Starting RPC bind service...
Aug 25 01:50:50 okd03.swallowlab.work systemd[1]: Listening on Open-iSCSI iscsid Socket.
Aug 25 01:50:50 okd03.swallowlab.work systemd[1]: Listening on D-Bus System Message Bus Socket.
Aug 25 01:50:50 okd03.swallowlab.work systemd[1]: Reached target Sockets.
Aug 25 01:50:50 okd03.swallowlab.work systemd[1]: Reached target Basic System.
Aug 25 01:50:50 okd03.swallowlab.work systemd[1]: Starting Authorization Manager...
Aug 25 01:50:50 okd03.swallowlab.work systemd[1]: Started D-Bus System Message Bus.
Aug 25 01:50:50 okd03.swallowlab.work polkitd[1086]: Started polkitd version 0.112
Aug 25 01:50:50 okd03.swallowlab.work systemd[1]: Starting GSSAPI Proxy Daemon...
Aug 25 01:50:50 okd03.swallowlab.work systemd[1]: Starting IPv4 firewall with iptables...
Aug 25 01:50:50 okd03.swallowlab.work polkitd[1086]: Loading rules from directory /etc/polkit-1/rules.d
Aug 25 01:50:50 okd03.swallowlab.work polkitd[1086]: Loading rules from directory /usr/share/polkit-1/rules.d
Aug 25 01:50:50 okd03.swallowlab.work polkitd[1086]: Finished loading, compiling and executing 2 rules
Aug 25 01:50:50 okd03.swallowlab.work polkitd[1086]: Acquired the name org.freedesktop.PolicyKit1 on the system bus
Aug 25 01:50:50 okd03.swallowlab.work systemd[1]: Starting NTP client/server...
Aug 25 01:50:50 okd03.swallowlab.work systemd[1]: Starting Network Manager...
Aug 25 01:50:50 okd03.swallowlab.work systemd[1]: Starting Dump dmesg to /var/log/dmesg...
Aug 25 01:50:50 okd03.swallowlab.work chronyd[1119]: chronyd version 3.2 starting (+CMDMON +NTP +REFCLOCK +RTC +PRIVDROP +SCFILTER +SECHASH +SIGND +ASYNCDNS +IPV6 +DEBUG)
Aug 25 01:50:50 okd03.swallowlab.work systemd[1]: Starting Docker Storage Setup...
Aug 25 01:50:50 okd03.swallowlab.work chronyd[1119]: Frequency 16.125 +/- 1.177 ppm read from /var/lib/chrony/drift
Aug 25 01:50:50 okd03.swallowlab.work systemd[1]: Started irqbalance daemon.
Aug 25 01:50:50 okd03.swallowlab.work kernel: nf_conntrack version 0.5.0 (65536 buckets, 262144 max)
Aug 25 01:50:50 okd03.swallowlab.work NetworkManager[1104]: <info>  [1566715850.3025] NetworkManager (version 1.12.0-10.el7_6) is starting... (for the first time)
Aug 25 01:50:50 okd03.swallowlab.work systemd[1]: Starting Login Service...
Aug 25 01:50:50 okd03.swallowlab.work iptables.init[1095]: iptables: Applying firewall rules: [  OK  ]
Aug 25 01:50:50 okd03.swallowlab.work container-storage-setup[1120]: INFO: Volume group backing root filesystem could not be determined
Aug 25 01:50:50 okd03.swallowlab.work NetworkManager[1104]: <info>  [1566715850.3029] Read config: /etc/NetworkManager/NetworkManager.conf (lib: 10-slaves-order.conf)
Aug 25 01:50:50 okd03.swallowlab.work systemd[1]: Started RPC bind service.
Aug 25 01:50:50 okd03.swallowlab.work NetworkManager[1104]: <info>  [1566715850.3177] bus-manager: acquired D-Bus service "org.freedesktop.NetworkManager"
Aug 25 01:50:50 okd03.swallowlab.work systemd[1]: Started GSSAPI Proxy Daemon.
Aug 25 01:50:50 okd03.swallowlab.work NetworkManager[1104]: <info>  [1566715850.3196] manager[0x55dcbca7e000]: monitoring kernel firmware directory '/lib/firmware'.
Aug 25 01:50:50 okd03.swallowlab.work systemd[1]: Started IPv4 firewall with iptables.
Aug 25 01:50:50 okd03.swallowlab.work dbus[1087]: [system] Activating via systemd: service name='org.freedesktop.hostname1' unit='dbus-org.freedesktop.hostname1.service'
Aug 25 01:50:50 okd03.swallowlab.work kernel: TECH PREVIEW: Overlay filesystem may not be fully supported.
                                              Please review provided documentation for limitations.
Aug 25 01:50:50 okd03.swallowlab.work systemd[1]: Started Dump dmesg to /var/log/dmesg.
Aug 25 01:50:50 okd03.swallowlab.work systemd[1]: Started NTP client/server.
Aug 25 01:50:50 okd03.swallowlab.work systemd[1]: Started Authorization Manager.
Aug 25 01:50:50 okd03.swallowlab.work systemd[1]: Started Network Manager.
Aug 25 01:50:50 okd03.swallowlab.work systemd-logind[1132]: Watching system buttons on /dev/input/event0 (Power Button)
Aug 25 01:50:50 okd03.swallowlab.work systemd-logind[1132]: Watching system buttons on /dev/input/event1 (Sleep Button)
Aug 25 01:50:50 okd03.swallowlab.work systemd-logind[1132]: New seat seat0.
Aug 25 01:50:50 okd03.swallowlab.work systemd[1]: Starting Hostname Service...
Aug 25 01:50:50 okd03.swallowlab.work systemd[1]: Starting Network Manager Wait Online...
Aug 25 01:50:50 okd03.swallowlab.work systemd[1]: Reached target NFS client services.
Aug 25 01:50:50 okd03.swallowlab.work dbus[1087]: [system] Successfully activated service 'org.freedesktop.hostname1'
Aug 25 01:50:50 okd03.swallowlab.work NetworkManager[1104]: <info>  [1566715850.5476] hostname: hostname: using hostnamed
Aug 25 01:50:50 okd03.swallowlab.work NetworkManager[1104]: <info>  [1566715850.5480] hostname: hostname changed from (none) to "okd03.swallowlab.work"
Aug 25 01:50:50 okd03.swallowlab.work NetworkManager[1104]: <info>  [1566715850.5482] dns-mgr[0x55dcbca88120]: init: dns=none, rc-manager=unmanaged
Aug 25 01:50:50 okd03.swallowlab.work dbus[1087]: [system] Activating via systemd: service name='org.freedesktop.nm_dispatcher' unit='dbus-org.freedesktop.nm-dispatcher.service'
Aug 25 01:50:50 okd03.swallowlab.work systemd[1]: Started Docker Storage Setup.
Aug 25 01:50:50 okd03.swallowlab.work systemd[1]: Started Login Service.
Aug 25 01:50:50 okd03.swallowlab.work systemd[1]: Started Hostname Service.
Aug 25 01:50:50 okd03.swallowlab.work systemd[1]: Starting Network Manager Script Dispatcher Service...
Aug 25 01:50:50 okd03.swallowlab.work dbus[1087]: [system] Successfully activated service 'org.freedesktop.nm_dispatcher'
Aug 25 01:50:50 okd03.swallowlab.work systemd[1]: Started Network Manager Script Dispatcher Service.
Aug 25 01:50:50 okd03.swallowlab.work NetworkManager[1104]: <info>  [1566715850.6308] settings: Loaded settings plugin: SettingsPluginIfcfg (/usr/lib64/NetworkManager/1.12.0-10.el7_6/libnm-settings-plugin-ifcfg-rh.so)
Aug 25 01:50:50 okd03.swallowlab.work NetworkManager[1104]: <info>  [1566715850.6320] settings: Loaded settings plugin: NMSIbftPlugin (/usr/lib64/NetworkManager/1.12.0-10.el7_6/libnm-settings-plugin-ibft.so)
Aug 25 01:50:50 okd03.swallowlab.work NetworkManager[1104]: <info>  [1566715850.6320] settings: Loaded settings plugin: NMSKeyfilePlugin (internal)
Aug 25 01:50:50 okd03.swallowlab.work NetworkManager[1104]: <info>  [1566715850.6332] ifcfg-rh: new connection /etc/sysconfig/network-scripts/ifcfg-eth0 (5fb06bd0-0bb0-7ffb-45f1-d6edd65f3e03,"System eth0")
Aug 25 01:50:50 okd03.swallowlab.work NetworkManager[1104]: <info>  [1566715850.6333] ifcfg-rh: Ignoring connection /etc/sysconfig/network-scripts/ifcfg-eth0 (5fb06bd0-0bb0-7ffb-45f1-d6edd65f3e03,"System eth0") due to NM_CONTROLLED=no. Unmanaged: mac:06:26:51:cd:99:e2.
Aug 25 01:50:50 okd03.swallowlab.work NetworkManager[1104]: <info>  [1566715850.6338] ifcfg-rh: new connection /etc/sysconfig/network-scripts/ifcfg-eth1 (9c92fad9-6ecb-3e6c-eb4d-8a47c6f50c04,"System eth1")
Aug 25 01:50:50 okd03.swallowlab.work NetworkManager[1104]: <info>  [1566715850.6338] ifcfg-rh: Ignoring connection /etc/sysconfig/network-scripts/ifcfg-eth1 (9c92fad9-6ecb-3e6c-eb4d-8a47c6f50c04,"System eth1") due to NM_CONTROLLED=no. Unmanaged: mac:06:94:ba:98:89:52.
Aug 25 01:50:50 okd03.swallowlab.work NetworkManager[1104]: <info>  [1566715850.6460] manager: rfkill: WiFi enabled by radio killswitch; enabled by state file
Aug 25 01:50:50 okd03.swallowlab.work NetworkManager[1104]: <info>  [1566715850.6461] manager: rfkill: WWAN enabled by radio killswitch; enabled by state file
Aug 25 01:50:50 okd03.swallowlab.work NetworkManager[1104]: <info>  [1566715850.6463] manager: Networking is enabled by state file
Aug 25 01:50:50 okd03.swallowlab.work NetworkManager[1104]: <info>  [1566715850.6466] dhcp-init: Using DHCP client 'dhclient'
Aug 25 01:50:50 okd03.swallowlab.work nm-dispatcher[1197]: find-scripts: Cannot execute '/etc/NetworkManager/dispatcher.d/hook-network-manager': writable by group or other, or set-UID.
Aug 25 01:50:50 okd03.swallowlab.work nm-dispatcher[1197]: req:1 'hostname': new request (5 scripts)
Aug 25 01:50:50 okd03.swallowlab.work nm-dispatcher[1197]: req:1 'hostname': start running ordered scripts...
Aug 25 01:50:50 okd03.swallowlab.work NetworkManager[1104]: <info>  [1566715850.6556] Loaded device plugin: NMTeamFactory (/usr/lib64/NetworkManager/1.12.0-10.el7_6/libnm-device-plugin-team.so)
Aug 25 01:50:50 okd03.swallowlab.work NetworkManager[1104]: <info>  [1566715850.6573] device (lo): carrier: link connected
Aug 25 01:50:50 okd03.swallowlab.work NetworkManager[1104]: <info>  [1566715850.6576] manager: (lo): new Generic device (/org/freedesktop/NetworkManager/Devices/1)
Aug 25 01:50:50 okd03.swallowlab.work NetworkManager[1104]: <info>  [1566715850.6587] manager: (eth0): new Ethernet device (/org/freedesktop/NetworkManager/Devices/2)
Aug 25 01:50:50 okd03.swallowlab.work NetworkManager[1104]: <info>  [1566715850.6601] manager: (eth1): new Ethernet device (/org/freedesktop/NetworkManager/Devices/3)
Aug 25 01:50:50 okd03.swallowlab.work NetworkManager[1104]: <info>  [1566715850.6651] manager: startup complete
Aug 25 01:50:50 okd03.swallowlab.work systemd[1]: Started Network Manager Wait Online.
Aug 25 01:50:50 okd03.swallowlab.work systemd[1]: Starting LSB: Bring up/down networking...
Aug 25 01:50:51 okd03.swallowlab.work network[1214]: Bringing up loopback interface:  [  OK  ]
Aug 25 01:50:51 okd03.swallowlab.work NetworkManager[1104]: <info>  [1566715851.0972] device (eth0): carrier: link connected
Aug 25 01:50:55 okd03.swallowlab.work network[1214]: Bringing up interface eth0:  [  OK  ]
Aug 25 01:50:55 okd03.swallowlab.work NetworkManager[1104]: <info>  [1566715855.3656] device (eth1): carrier: link connected
Aug 25 01:50:55 okd03.swallowlab.work multipathd[677]: xvdb: add path (uevent)
Aug 25 01:50:55 okd03.swallowlab.work multipathd[677]: xvdb: spurious uevent, path already in pathvec
Aug 25 01:50:55 okd03.swallowlab.work multipathd[677]: xvdb: failed to get path uid
Aug 25 01:50:55 okd03.swallowlab.work multipathd[677]: uevent trigger error
Aug 25 01:50:55 okd03.swallowlab.work multipathd[677]: xvdh: add path (uevent)
Aug 25 01:50:55 okd03.swallowlab.work multipathd[677]: xvdh: spurious uevent, path already in pathvec
Aug 25 01:50:55 okd03.swallowlab.work multipathd[677]: xvdh: failed to get path uid
Aug 25 01:50:55 okd03.swallowlab.work multipathd[677]: uevent trigger error
Aug 25 01:50:59 okd03.swallowlab.work network[1214]: Bringing up interface eth1:  [  OK  ]
Aug 25 01:50:59 okd03.swallowlab.work systemd[1]: Started LSB: Bring up/down networking.
Aug 25 01:50:59 okd03.swallowlab.work systemd[1]: Reached target Network.
Aug 25 01:50:59 okd03.swallowlab.work systemd[1]: Started DNS caching server..
Aug 25 01:50:59 okd03.swallowlab.work systemd[1]: Starting Postfix Mail Transport Agent...
Aug 25 01:50:59 okd03.swallowlab.work systemd[1]: Starting Open-iSCSI...
Aug 25 01:50:59 okd03.swallowlab.work iscsid[1578]: iSCSI logger with pid=1580 started!
Aug 25 01:50:59 okd03.swallowlab.work systemd[1]: Starting Dynamic System Tuning Daemon...
Aug 25 01:50:59 okd03.swallowlab.work dnsmasq[1576]: started, version 2.76 cachesize 10000
Aug 25 01:50:59 okd03.swallowlab.work dnsmasq[1576]: compile time options: IPv6 GNU-getopt DBus no-i18n IDN DHCP DHCPv6 no-Lua TFTP no-conntrack ipset auth no-DNSSEC loop-detect inotify
Aug 25 01:50:59 okd03.swallowlab.work systemd[1]: Starting OpenSSH server daemon...
Aug 25 01:50:59 okd03.swallowlab.work kernel: Loading iSCSI transport class v2.0-870.
Aug 25 01:50:59 okd03.swallowlab.work dnsmasq[1576]: DBus support enabled: connected to system bus
Aug 25 01:50:59 okd03.swallowlab.work dnsmasq[1576]: warning: no upstream servers configured
Aug 25 01:50:59 okd03.swallowlab.work dnsmasq[1576]: read /etc/hosts - 2 addresses
Aug 25 01:50:59 okd03.swallowlab.work systemd[1]: Starting Docker Application Container Engine...
Aug 25 01:50:59 okd03.swallowlab.work systemd[1]: Reached target Network is Online.
Aug 25 01:50:59 okd03.swallowlab.work systemd[1]: Starting Apply the settings specified in cloud-config...
Aug 25 01:50:59 okd03.swallowlab.work systemd[1]: Starting Notify NFS peers of a restart...
Aug 25 01:50:59 okd03.swallowlab.work sshd[1585]: Server listening on 0.0.0.0 port 22.
Aug 25 01:50:59 okd03.swallowlab.work systemd[1]: Starting LSB: XenServer Virtual Machine daemon providing host integration services...
Aug 25 01:50:59 okd03.swallowlab.work sshd[1585]: Server listening on :: port 22.
Aug 25 01:50:59 okd03.swallowlab.work systemd[1]: Starting System Logging Service...
Aug 25 01:50:59 okd03.swallowlab.work systemd[1]: Started OpenSSH server daemon.
Aug 25 01:50:59 okd03.swallowlab.work sm-notify[1596]: Version 1.3.0 starting
Aug 25 01:50:59 okd03.swallowlab.work systemd[1]: Started Open-iSCSI.
Aug 25 01:50:59 okd03.swallowlab.work systemd[1]: Starting Logout off all iSCSI sessions on shutdown...
Aug 25 01:50:59 okd03.swallowlab.work xe-linux-distribution[1597]: Mounting xenfs on /proc/xen: [  OK  ]
Aug 25 01:50:59 okd03.swallowlab.work systemd[1]: Started Notify NFS peers of a restart.
Aug 25 01:50:59 okd03.swallowlab.work rsyslogd[1598]:  [origin software="rsyslogd" swVersion="8.24.0-34.el7" x-pid="1598" x-info="http://www.rsyslog.com"] start
Aug 25 01:50:59 okd03.swallowlab.work systemd[1]: Started Logout off all iSCSI sessions on shutdown.
Aug 25 01:50:59 okd03.swallowlab.work xe-linux-distribution[1597]: Detecting Linux distribution version: [  OK  ]
Aug 25 01:50:59 okd03.swallowlab.work xe-linux-distribution[1597]: Starting xe daemon:  [  OK  ]
Aug 25 01:50:59 okd03.swallowlab.work systemd[1]: Started System Logging Service.
Aug 25 01:50:59 okd03.swallowlab.work systemd[1]: Reached target Remote File Systems (Pre).
Aug 25 01:50:59 okd03.swallowlab.work systemd[1]: Reached target Remote File Systems.
Aug 25 01:50:59 okd03.swallowlab.work systemd[1]: Starting Crash recovery kernel arming...
Aug 25 01:50:59 okd03.swallowlab.work systemd[1]: Starting Permit User Sessions...
Aug 25 01:50:59 okd03.swallowlab.work systemd[1]: Starting Availability of block devices...
Aug 25 01:50:59 okd03.swallowlab.work systemd[1]: Started LSB: XenServer Virtual Machine daemon providing host integration services.
Aug 25 01:50:59 okd03.swallowlab.work cloud-init[1594]: Traceback (most recent call last):
Aug 25 01:50:59 okd03.swallowlab.work cloud-init[1594]: File "/usr/bin/cloud-init", line 9, in <module>
Aug 25 01:50:59 okd03.swallowlab.work cloud-init[1594]: load_entry_point('cloud-init==0.7.9', 'console_scripts', 'cloud-init')()
Aug 25 01:50:59 okd03.swallowlab.work cloud-init[1594]: File "/usr/lib/python2.7/site-packages/pkg_resources.py", line 378, in load_entry_point
Aug 25 01:50:59 okd03.swallowlab.work cloud-init[1594]: return get_distribution(dist).load_entry_point(group, name)
Aug 25 01:50:59 okd03.swallowlab.work cloud-init[1594]: File "/usr/lib/python2.7/site-packages/pkg_resources.py", line 2566, in load_entry_point
Aug 25 01:50:59 okd03.swallowlab.work cloud-init[1594]: return ep.load()
Aug 25 01:50:59 okd03.swallowlab.work cloud-init[1594]: File "/usr/lib/python2.7/site-packages/pkg_resources.py", line 2260, in load
Aug 25 01:50:59 okd03.swallowlab.work cloud-init[1594]: entry = __import__(self.module_name, globals(),globals(), ['__name__'])
Aug 25 01:51:00 okd03.swallowlab.work cloud-init[1594]: File "/usr/lib/python2.7/site-packages/cloud_init-0.7.9-py2.7.egg/cloudinit/cmd/main.py", line 24, in <module>
Aug 25 01:51:00 okd03.swallowlab.work cloud-init[1594]: from cloudinit import netinfo
Aug 25 01:51:00 okd03.swallowlab.work cloud-init[1594]: File "/usr/lib/python2.7/site-packages/cloud_init-0.7.9-py2.7.egg/cloudinit/netinfo.py", line 14, in <module>
Aug 25 01:51:00 okd03.swallowlab.work cloud-init[1594]: from cloudinit import util
Aug 25 01:51:00 okd03.swallowlab.work cloud-init[1594]: File "/usr/lib/python2.7/site-packages/cloud_init-0.7.9-py2.7.egg/cloudinit/util.py", line 48, in <module>
Aug 25 01:51:00 okd03.swallowlab.work cloud-init[1594]: from cloudinit import url_helper
Aug 25 01:51:00 okd03.swallowlab.work cloud-init[1594]: File "/usr/lib/python2.7/site-packages/cloud_init-0.7.9-py2.7.egg/cloudinit/url_helper.py", line 13, in <module>
Aug 25 01:51:00 okd03.swallowlab.work cloud-init[1594]: import requests
Aug 25 01:51:00 okd03.swallowlab.work cloud-init[1594]: File "/usr/lib/python2.7/site-packages/requests/__init__.py", line 58, in <module>
Aug 25 01:51:00 okd03.swallowlab.work cloud-init[1594]: from . import utils
Aug 25 01:51:00 okd03.swallowlab.work cloud-init[1594]: File "/usr/lib/python2.7/site-packages/requests/utils.py", line 32, in <module>
Aug 25 01:51:00 okd03.swallowlab.work cloud-init[1594]: from .exceptions import InvalidURL
Aug 25 01:51:00 okd03.swallowlab.work cloud-init[1594]: File "/usr/lib/python2.7/site-packages/requests/exceptions.py", line 10, in <module>
Aug 25 01:51:00 okd03.swallowlab.work cloud-init[1594]: from .packages.urllib3.exceptions import HTTPError as BaseHTTPError
Aug 25 01:51:00 okd03.swallowlab.work cloud-init[1594]: File "/usr/lib/python2.7/site-packages/requests/packages/__init__.py", line 95, in load_module
Aug 25 01:51:00 okd03.swallowlab.work cloud-init[1594]: raise ImportError("No module named '%s'" % (name,))
Aug 25 01:51:00 okd03.swallowlab.work cloud-init[1594]: ImportError: No module named 'requests.packages.urllib3'
Aug 25 01:50:59 okd03.swallowlab.work systemd[1]: Started Permit User Sessions.
Aug 25 01:50:59 okd03.swallowlab.work crond[1683]: (CRON) INFO (RANDOM_DELAY will be scaled with factor 72% if used.)
Aug 25 01:50:59 okd03.swallowlab.work systemd[1]: Started Command Scheduler.
Aug 25 01:50:59 okd03.swallowlab.work systemd[1]: Starting Terminate Plymouth Boot Screen...
Aug 25 01:50:59 okd03.swallowlab.work systemd[1]: Starting Wait for Plymouth Boot Screen to Quit...
Aug 25 01:50:59 okd03.swallowlab.work systemd[1]: Started Job spooling tools.
Aug 25 01:51:00 okd03.swallowlab.work systemd[1]: cloud-config.service: main process exited, code=exited, status=1/FAILURE
Aug 25 01:51:00 okd03.swallowlab.work systemd[1]: Failed to start Apply the settings specified in cloud-config.
Aug 25 01:51:00 okd03.swallowlab.work systemd[1]: Unit cloud-config.service entered failed state.
Aug 25 01:51:00 okd03.swallowlab.work systemd[1]: cloud-config.service failed.
Aug 25 01:51:00 okd03.swallowlab.work systemd[1]: Started Availability of block devices.
Aug 25 01:51:00 okd03.swallowlab.work systemd[1]: Received SIGRTMIN+21 from PID 275 (plymouthd).
Aug 25 01:51:00 okd03.swallowlab.work dockerd-current[1593]: time="2019-08-25T01:51:00.284057775-05:00" level=warning msg="could not change group /var/run/docker.sock to docker: group docker not found"
Aug 25 01:51:00 okd03.swallowlab.work systemd[1]: Started Terminate Plymouth Boot Screen.
Aug 25 01:51:00 okd03.swallowlab.work dockerd-current[1593]: time="2019-08-25T01:51:00.290243745-05:00" level=info msg="libcontainerd: new containerd process, pid: 1859"
Aug 25 01:51:00 okd03.swallowlab.work systemd[1]: Started Wait for Plymouth Boot Screen to Quit.
Aug 25 01:51:00 okd03.swallowlab.work crond[1683]: (CRON) INFO (running with inotify support)
Aug 25 01:51:00 okd03.swallowlab.work systemd[1]: Started Getty on tty1.
Aug 25 01:51:00 okd03.swallowlab.work systemd[1]: Started Serial Getty on hvc0.
Aug 25 01:51:00 okd03.swallowlab.work systemd[1]: Started Serial Getty on ttyS0.
Aug 25 01:51:00 okd03.swallowlab.work systemd[1]: Reached target Login Prompts.
Aug 25 01:51:00 okd03.swallowlab.work postfix/postfix-script[2014]: starting the Postfix mail system
Aug 25 01:51:00 okd03.swallowlab.work postfix/master[2034]: daemon started -- version 2.10.1, configuration /etc/postfix
Aug 25 01:51:00 okd03.swallowlab.work systemd[1]: Started Postfix Mail Transport Agent.
Aug 25 01:51:00 okd03.swallowlab.work iscsid[1580]: iSCSI daemon with pid=1581 started!
Aug 25 01:51:00 okd03.swallowlab.work systemd[1]: Started Dynamic System Tuning Daemon.
Aug 25 01:51:01 okd03.swallowlab.work kdumpctl[1629]: Detected change(s) of loaded kernel modules list:
Aug 25 01:51:01 okd03.swallowlab.work kdumpctl[1629]: -bridge
Aug 25 01:51:01 okd03.swallowlab.work kdumpctl[1629]: -br_netfilter
Aug 25 01:51:01 okd03.swallowlab.work kdumpctl[1629]: -llc
Aug 25 01:51:01 okd03.swallowlab.work kdumpctl[1629]: -stp
Aug 25 01:51:01 okd03.swallowlab.work kdumpctl[1629]: Rebuilding /boot/initramfs-3.10.0-957.27.2.el7.x86_64kdump.img
Aug 25 01:51:01 okd03.swallowlab.work dockerd-current[1593]: time="2019-08-25T01:51:01.458129094-05:00" level=info msg="Graph migration to content-addressability took 0.00 seconds"
Aug 25 01:51:01 okd03.swallowlab.work dockerd-current[1593]: time="2019-08-25T01:51:01.459832796-05:00" level=info msg="Loading containers: start."
Aug 25 01:51:01 okd03.swallowlab.work kernel: bridge: filtering via arp/ip/ip6tables is no longer available by default. Update your scripts to load br_netfilter if you need this.
Aug 25 01:51:01 okd03.swallowlab.work kernel: Bridge firewalling registered
Aug 25 01:51:01 okd03.swallowlab.work dockerd-current[1593]: time="2019-08-25T01:51:01.531280880-05:00" level=info msg="Firewalld running: false"
Aug 25 01:51:01 okd03.swallowlab.work NetworkManager[1104]: <info>  [1566715861.5745] manager: (docker0): new Bridge device (/org/freedesktop/NetworkManager/Devices/4)
Aug 25 01:51:01 okd03.swallowlab.work NetworkManager[1104]: <info>  [1566715861.6014] device (docker0): state change: unmanaged -> unavailable (reason 'connection-assumed', sys-iface-state: 'external')
Aug 25 01:51:01 okd03.swallowlab.work NetworkManager[1104]: <info>  [1566715861.6046] ifcfg-rh: add connection in-memory (a33fcaab-ec30-4039-8b8d-f410fc7384d0,"docker0")
Aug 25 01:51:01 okd03.swallowlab.work dbus[1087]: [system] Activating via systemd: service name='org.freedesktop.nm_dispatcher' unit='dbus-org.freedesktop.nm-dispatcher.service'
Aug 25 01:51:01 okd03.swallowlab.work kernel: IPv6: ADDRCONF(NETDEV_UP): docker0: link is not ready
Aug 25 01:51:01 okd03.swallowlab.work NetworkManager[1104]: <info>  [1566715861.6128] device (docker0): state change: unavailable -> disconnected (reason 'connection-assumed', sys-iface-state: 'external')
Aug 25 01:51:01 okd03.swallowlab.work NetworkManager[1104]: <info>  [1566715861.6137] device (docker0): Activation: starting connection 'docker0' (a33fcaab-ec30-4039-8b8d-f410fc7384d0)
Aug 25 01:51:01 okd03.swallowlab.work NetworkManager[1104]: <info>  [1566715861.6138] device (docker0): state change: disconnected -> prepare (reason 'none', sys-iface-state: 'external')
Aug 25 01:51:01 okd03.swallowlab.work NetworkManager[1104]: <info>  [1566715861.6141] device (docker0): state change: prepare -> config (reason 'none', sys-iface-state: 'external')
Aug 25 01:51:01 okd03.swallowlab.work NetworkManager[1104]: <info>  [1566715861.6144] device (docker0): state change: config -> ip-config (reason 'none', sys-iface-state: 'external')
Aug 25 01:51:01 okd03.swallowlab.work NetworkManager[1104]: <info>  [1566715861.6147] device (docker0): state change: ip-config -> ip-check (reason 'none', sys-iface-state: 'external')
